Component: Arm Compiler for Embedded 6.22 Tool: armlink [5ee90200]

==============================================================================

Section Cross References

    startup_stm32h723xx.o(STACK) refers (Special) to heapauxi.o(.text) for __use_two_region_memory
    startup_stm32h723xx.o(HEAP) refers (Special) to heapauxi.o(.text) for __use_two_region_memory
    startup_stm32h723xx.o(RESET) refers (Special) to heapauxi.o(.text) for __use_two_region_memory
    startup_stm32h723xx.o(RESET) refers to startup_stm32h723xx.o(STACK) for __initial_sp
    startup_stm32h723xx.o(RESET) refers to startup_stm32h723xx.o(.text) for Reset_Handler
    startup_stm32h723xx.o(RESET) refers to stm32h7xx_it.o(.text.NMI_Handler) for NMI_Handler
    startup_stm32h723xx.o(RESET) refers to stm32h7xx_it.o(.text.HardFault_Handler) for HardFault_Handler
    startup_stm32h723xx.o(RESET) refers to stm32h7xx_it.o(.text.MemManage_Handler) for MemManage_Handler
    startup_stm32h723xx.o(RESET) refers to stm32h7xx_it.o(.text.BusFault_Handler) for BusFault_Handler
    startup_stm32h723xx.o(RESET) refers to stm32h7xx_it.o(.text.UsageFault_Handler) for UsageFault_Handler
    startup_stm32h723xx.o(RESET) refers to stm32h7xx_it.o(.text.SVC_Handler) for SVC_Handler
    startup_stm32h723xx.o(RESET) refers to stm32h7xx_it.o(.text.DebugMon_Handler) for DebugMon_Handler
    startup_stm32h723xx.o(RESET) refers to stm32h7xx_it.o(.text.PendSV_Handler) for PendSV_Handler
    startup_stm32h723xx.o(RESET) refers to stm32h7xx_it.o(.text.SysTick_Handler) for SysTick_Handler
    startup_stm32h723xx.o(RESET) refers to stm32h7xx_it.o(.text.DMA1_Stream0_IRQHandler) for DMA1_Stream0_IRQHandler
    startup_stm32h723xx.o(RESET) refers to stm32h7xx_it.o(.text.DMA1_Stream2_IRQHandler) for DMA1_Stream2_IRQHandler
    startup_stm32h723xx.o(RESET) refers to stm32h7xx_it.o(.text.USART1_IRQHandler) for USART1_IRQHandler
    startup_stm32h723xx.o(RESET) refers to stm32h7xx_it.o(.text.TIM6_DAC_IRQHandler) for TIM6_DAC_IRQHandler
    startup_stm32h723xx.o(RESET) refers to stm32h7xx_it.o(.text.TIM7_IRQHandler) for TIM7_IRQHandler
    startup_stm32h723xx.o(.text) refers (Special) to heapauxi.o(.text) for __use_two_region_memory
    startup_stm32h723xx.o(.text) refers to system_stm32h7xx.o(.text.SystemInit) for SystemInit
    startup_stm32h723xx.o(.text) refers to __main.o(!!!main) for __main
    startup_stm32h723xx.o(.text) refers to startup_stm32h723xx.o(HEAP) for Heap_Mem
    startup_stm32h723xx.o(.text) refers to startup_stm32h723xx.o(STACK) for Stack_Mem
    main.o(.text.main) refers to stm32h7xx_hal.o(.text.HAL_Init) for HAL_Init
    main.o(.text.main) refers to main.o(.text.SystemClock_Config) for SystemClock_Config
    main.o(.text.main) refers to gpio.o(.text.MX_GPIO_Init) for MX_GPIO_Init
    main.o(.text.main) refers to dma.o(.text.MX_DMA_Init) for MX_DMA_Init
    main.o(.text.main) refers to tim.o(.text.MX_TIM12_Init) for MX_TIM12_Init
    main.o(.text.main) refers to usart.o(.text.MX_USART1_UART_Init) for MX_USART1_UART_Init
    main.o(.text.main) refers to tim.o(.text.MX_TIM6_Init) for MX_TIM6_Init
    main.o(.text.main) refers to tim.o(.text.MX_TIM7_Init) for MX_TIM7_Init
    main.o(.text.main) refers to adc.o(.text.MX_ADC1_Init) for MX_ADC1_Init
    main.o(.text.main) refers to fdcan.o(.text.MX_FDCAN1_Init) for MX_FDCAN1_Init
    main.o(.text.main) refers to fdcan.o(.text.MX_FDCAN2_Init) for MX_FDCAN2_Init
    main.o(.text.main) refers to fdcan.o(.text.MX_FDCAN3_Init) for MX_FDCAN3_Init
    main.o(.text.main) refers to usart.o(.bss.huart1) for huart1
    main.o(.text.main) refers to main.o(.bss.UART1_RX_BUF) for UART1_RX_BUF
    main.o(.text.main) refers to stm32h7xx_hal_uart.o(.text.HAL_UART_Receive_DMA) for HAL_UART_Receive_DMA
    main.o(.text.main) refers to adc.o(.bss.hadc1) for hadc1
    main.o(.text.main) refers to stm32h7xx_hal_adc_ex.o(.text.HAL_ADCEx_Calibration_Start) for HAL_ADCEx_Calibration_Start
    main.o(.text.main) refers to main.o(.bss.adc_val) for adc_val
    main.o(.text.main) refers to stm32h7xx_hal_adc.o(.text.HAL_ADC_Start_DMA) for HAL_ADC_Start_DMA
    main.o(.text.main) refers to tim.o(.bss.htim12) for htim12
    main.o(.text.main) refers to stm32h7xx_hal_tim.o(.text.HAL_TIM_PWM_Start) for HAL_TIM_PWM_Start
    main.o(.text.main) refers to hwt101.o(.text.ResetHWT101) for ResetHWT101
    main.o(.text.main) refers to bsp_fdcan.o(.text.bsp_can_init) for bsp_can_init
    main.o(.text.main) refers to tim.o(.bss.htim6) for htim6
    main.o(.text.main) refers to stm32h7xx_hal_tim.o(.text.HAL_TIM_Base_Start_IT) for HAL_TIM_Base_Start_IT
    main.o(.text.main) refers to tim.o(.bss.htim7) for htim7
    main.o(.text.main) refers to fdcan.o(.bss.hfdcan1) for hfdcan1
    main.o(.text.main) refers to bsp_fdcan.o(.text.fdcanx_send_data) for fdcanx_send_data
    main.o(.text.main) refers to stm32h7xx_hal.o(.text.HAL_Delay) for HAL_Delay
    main.o(.text.main) refers to fdcan.o(.bss.hfdcan2) for hfdcan2
[...]
    [Anonymous Symbol]                       0x0800fbb4   Section        0  stm32h7xx_hal_uart_ex.o(.rodata.UARTEx_SetNbDataToProcess.numerator)
    .bss                                     0x24000010   Section       96  libspace.o(.bss)
    HAL_RCC_FDCAN_CLK_ENABLED                0x24000070   Data           4  fdcan.o(.bss.HAL_RCC_FDCAN_CLK_ENABLED)
    [Anonymous Symbol]                       0x24000070   Section        0  fdcan.o(.bss.HAL_RCC_FDCAN_CLK_ENABLED)
    Heap_Mem                                 0x240005a0   Data         512  startup_stm32h723xx.o(HEAP)
    HEAP                                     0x240005a0   Section      512  startup_stm32h723xx.o(HEAP)
    Stack_Mem                                0x240007a0   Data        1024  startup_stm32h723xx.o(STACK)
    STACK                                    0x240007a0   Section     1024  startup_stm32h723xx.o(STACK)
    __initial_sp                             0x24000ba0   Data           0  startup_stm32h723xx.o(STACK)

    Global Symbols

    Symbol Name                              Value     Ov Type        Size  Object(Section)

    BuildAttributes$$THM_ISAv4$E$P$D$K$B$S$7EM$VFPv5_D16$PE$PLD8$A:L22UL41UL21$X:L11$S22US41US21$IEEE1$IW$~IW$USESV6$~STKCKD$USESV7$~SHL$OSPACE$ROPI$EBA8$UX$STANDARDLIB$REQ8$PRES8$EABIv2 0x00000000   Number         0  anon$$obj.o ABSOLUTE
    __ARM_exceptions_init                     - Undefined Weak Reference
    __alloca_initialize                       - Undefined Weak Reference
    __arm_preinit_                            - Undefined Weak Reference
    __arm_relocate_pie_                       - Undefined Weak Reference
    __cpp_initialize__aeabi_                  - Undefined Weak Reference
    __cxa_finalize                            - Undefined Weak Reference
    __rt_locale                               - Undefined Weak Reference
    __sigvec_lookup                           - Undefined Weak Reference
    _atexit_init                              - Undefined Weak Reference
    _call_atexit_fns                          - Undefined Weak Reference
    _clock_init                               - Undefined Weak Reference
    _fp_trap_init                             - Undefined Weak Reference
    _fp_trap_shutdown                         - Undefined Weak Reference
    _get_lc_collate                           - Undefined Weak Reference
    _get_lc_ctype                             - Undefined Weak Reference
    _get_lc_monetary                          - Undefined Weak Reference
    _get_lc_numeric                           - Undefined Weak Reference
    _get_lc_time                              - Undefined Weak Reference
    _getenv_init                              - Undefined Weak Reference
    _handle_redirection                       - Undefined Weak Reference
    _init_alloc                               - Undefined Weak Reference
    _init_user_alloc                          - Undefined Weak Reference
    _initio                                   - Undefined Weak Reference
    _rand_init                                - Undefined Weak Reference
    _signal_finish                            - Undefined Weak Reference
    _signal_init                              - Undefined Weak Reference
    _terminate_alloc                          - Undefined Weak Reference
    _terminate_user_alloc                     - Undefined Weak Reference
    _terminateio                              - Undefined Weak Reference
    __Vectors_Size                           0x000002cc   Number         0  startup_stm32h723xx.o ABSOLUTE
    __Vectors                                0x08000000   Data           4  startup_stm32h723xx.o(RESET)
    __Vectors_End                            0x080002cc   Data           0  startup_stm32h723xx.o(RESET)
    __main                                   0x080002cd   Thumb Code     8  __main.o(!!!main)
    __scatterload                            0x080002d5   Thumb Code     0  __scatter.o(!!!scatter)
    __scatterload_rt2                        0x080002d5   Thumb Code    84  __scatter.o(!!!scatter)
    __scatterload_rt2_thumb_only             0x080002d5   Thumb Code     0  __scatter.o(!!!scatter)
    __scatterload_loop                       0x080002df   Thumb Code     0  __scatter.o(!!!scatter)
    __scatterload_copy                       0x08000331   Thumb Code    26  __scatter_copy.o(!!handler_copy)
    __scatterload_null                       0x0800034d   Thumb Code     2  __scatter.o(!!handler_null)
    __scatterload_zeroinit                   0x08000351   Thumb Code    28  __scatter_zi.o(!!handler_zi)
    __rt_lib_init                            0x0800036d   Thumb Code     0  libinit.o(.ARM.Collect$$libinit$$00000000)
    __rt_lib_init_fp_1                       0x0800036f   Thumb Code     0  libinit2.o(.ARM.Collect$$libinit$$00000001)
    __rt_lib_init_alloca_1                   0x08000373   Thumb Code     0  libinit2.o(.ARM.Collect$$libinit$$00000030)
    __rt_lib_init_argv_1                     0x08000373   Thumb Code     0  libinit2.o(.ARM.Collect$$libinit$$0000002E)
    __rt_lib_init_atexit_1                   0x08000373   Thumb Code     0  libinit2.o(.ARM.Collect$$libinit$$0000001D)
    __rt_lib_init_clock_1                    0x08000373   Thumb Code     0  libinit2.o(.ARM.Collect$$libinit$$00000023)
    __rt_lib_init_cpp_1                      0x08000373   Thumb Code     0  libinit2.o(.ARM.Collect$$libinit$$00000034)
    __rt_lib_init_exceptions_1               0x08000373   Thumb Code     0  libinit2.o(.ARM.Collect$$libinit$$00000032)
    __rt_lib_init_fp_trap_1                  0x08000373   Thumb Code     0  libinit2.o(.ARM.Collect$$libinit$$00000021)
    __rt_lib_init_getenv_1                   0x08000373   Thumb Code     0  libinit2.o(.ARM.Collect$$libinit$$00000025)
    __rt_lib_init_heap_1                     0x08000373   Thumb Code     0  libinit2.o(.ARM.Collect$$libinit$$0000000C)
    __rt_lib_init_lc_collate_1               0x08000373   Thumb Code     0  libinit2.o(.ARM.Collect$$libinit$$00000013)
    __rt_lib_init_lc_ctype_1                 0x08000373   Thumb Code     0  libinit2.o(.ARM.Collect$$libinit$$00000015)
    __rt_lib_init_lc_monetary_1              0x08000373   Thumb Code     0  libinit2.o(.ARM.Collect$$libinit$$00000017)
    __rt_lib_init_lc_numeric_1               0x08000373   Thumb Code     0  libinit2.o(.ARM.Collect$$libinit$$00000019)
    __rt_lib_init_lc_time_1                  0x08000373   Thumb Code     0  libinit2.o(.ARM.Collect$$libinit$$0000001B)
    __rt_lib_init_preinit_1                  0x08000373   Thumb Code     0  libinit2.o(.ARM.Collect$$libinit$$00000006)
    __rt_lib_init_rand_1                     0x08000373   Thumb Code     0  libinit2.o(.ARM.Collect$$libinit$$00000010)
    __rt_lib_init_relocate_pie_1             0x08000373   Thumb Code     0  libinit2.o(.ARM.Collect$$libinit$$00000004)
    __rt_lib_init_return                     0x08000373   Thumb Code     0  libinit2.o(.ARM.Collect$$libinit$$00000035)
    __rt_lib_init_signal_1                   0x08000373   Thumb Code     0  libinit2.o(.ARM.Collect$$libinit$$0000001F)
    __rt_lib_init_stdio_1                    0x08000373   Thumb Code     0  libinit2.o(.ARM.Collect$$libinit$$00000027)
    __rt_lib_init_user_alloc_1               0x08000373   Thumb Code     0  libinit2.o(.ARM.Collect$$libinit$$0000000E)
    __rt_lib_shutdown                        0x08000375   Thumb Code     0  libshutdown.o(.ARM.Collect$$libshutdown$$00000000)
    __rt_lib_shutdown_cpp_1                  0x08000377   Thumb Code     0  libshutdown2.o(.ARM.Collect$$libshutdown$$00000002)
    __rt_lib_shutdown_fp_trap_1              0x08000377   Thumb Code     0  libshutdown2.o(.ARM.Collect$$libshutdown$$00000007)
    __rt_lib_shutdown_heap_1                 0x08000377   Thumb Code     0  libshutdown2.o(.ARM.Collect$$libshutdown$$0000000F)
    __rt_lib_shutdown_return                 0x08000377   Thumb Code     0  libshutdown2.o(.ARM.Collect$$libshutdown$$00000010)
    __rt_lib_shutdown_signal_1               0x08000377   Thumb Code     0  libshutdown2.o(.ARM.Collect$$libshutdown$$0000000A)
    __rt_lib_shutdown_stdio_1                0x08000377   Thumb Code     0  libshutdown2.o(.ARM.Collect$$libshutdown$$00000004)
    __rt_lib_shutdown_user_alloc_1           0x08000377   Thumb Code     0  libshutdown2.o(.ARM.Collect$$libshutdown$$0000000C)
    __rt_entry                               0x08000379   Thumb Code     0  __rtentry.o(.ARM.Collect$$rtentry$$00000000)
    __rt_entry_presh_1                       0x08000379   Thumb Code     0  __rtentry2.o(.ARM.Collect$$rtentry$$00000002)
    __rt_entry_sh                            0x08000379   Thumb Code     0  __rtentry4.o(.ARM.Collect$$rtentry$$00000004)
    __rt_entry_li                            0x0800037f   Thumb Code     0  __rtentry2.o(.ARM.Collect$$rtentry$$0000000A)
    __rt_entry_postsh_1                      0x0800037f   Thumb Code     0  __rtentry2.o(.ARM.Collect$$rtentry$$00000009)
    __rt_entry_main                          0x08000383   Thumb Code     0  __rtentry2.o(.ARM.Collect$$rtentry$$0000000D)
    __rt_entry_postli_1                      0x08000383   Thumb Code     0  __rtentry2.o(.ARM.Collect$$rtentry$$0000000C)
    __rt_exit                                0x0800038b   Thumb Code     0  rtexit.o(.ARM.Collect$$rtexit$$00000000)
    __rt_exit_ls                             0x0800038d   Thumb Code     0  rtexit2.o(.ARM.Collect$$rtexit$$00000003)
    __rt_exit_prels_1                        0x0800038d   Thumb Code     0  rtexit2.o(.ARM.Collect$$rtexit$$00000002)
    __rt_exit_exit                           0x08000391   Thumb Code     0  rtexit2.o(.ARM.Collect$$rtexit$$00000004)
    Reset_Handler                            0x08000399   Thumb Code     8  startup_stm32h723xx.o(.text)
    ADC3_IRQHandler                          0x080003b3   Thumb Code     0  startup_stm32h723xx.o(.text)
    ADC_IRQHandler                           0x080003b3   Thumb Code     0  startup_stm32h723xx.o(.text)
    BDMA_Channel0_IRQHandler                 0x080003b3   Thumb Code     0  startup_stm32h723xx.o(.text)
    BDMA_Channel1_IRQHandler                 0x080003b3   Thumb Code     0  startup_stm32h723xx.o(.text)
    BDMA_Channel2_IRQHandler                 0x080003b3   Thumb Code     0  startup_stm32h723xx.o(.text)
    BDMA_Channel3_IRQHandler                 0x080003b3   Thumb Code     0  startup_stm32h723xx.o(.text)
    BDMA_Channel4_IRQHandler                 0x080003b3   Thumb Code     0  startup_stm32h723xx.o(.text)
    BDMA_Channel5_IRQHandler                 0x080003b3   Thumb Code     0  startup_stm32h723xx.o(.text)
    BDMA_Channel6_IRQHandler                 0x080003b3   Thumb Code     0  startup_stm32h723xx.o(.text)
    BDMA_Channel7_IRQHandler                 0x080003b3   Thumb Code     0  startup_stm32h723xx.o(.text)
    CEC_IRQHandler                           0x080003b3   Thumb Code     0  startup_stm32h723xx.o(.text)
    COMP1_IRQHandler                         0x080003b3   Thumb Code     0  startup_stm32h723xx.o(.text)
    CORDIC_IRQHandler                        0x080003b3   Thumb Code     0  startup_stm32h723xx.o(.text)
    CRS_IRQHandler                           0x080003b3   Thumb Code     0  startup_stm32h723xx.o(.text)
    DCMI_PSSI_IRQHandler                     0x080003b3   Thumb Code     0  startup_stm32h723xx.o(.text)
    DFSDM1_FLT0_IRQHandler                   0x080003b3   Thumb Code     0  startup_stm32h723xx.o(.text)
    DFSDM1_FLT1_IRQHandler                   0x080003b3   Thumb Code     0  startup_stm32h723xx.o(.text)
    DFSDM1_FLT2_IRQHandler                   0x080003b3   Thumb Code     0  startup_stm32h723xx.o(.text)
    DFSDM1_FLT3_IRQHandler                   0x080003b3   Thumb Code     0  startup_stm32h723xx.o(.text)
    DMA1_Stream1_IRQHandler                  0x080003b3   Thumb Code     0  startup_stm32h723xx.o(.text)
    DMA1_Stream3_IRQHandler                  0x080003b3   Thumb Code     0  startup_stm32h723xx.o(.text)
    DMA1_Stream4_IRQHandler                  0x080003b3   Thumb Code     0  startup_stm32h723xx.o(.text)
    DMA1_Stream5_IRQHandler                  0x080003b3   Thumb Code     0  startup_stm32h723xx.o(.text)
    DMA1_Stream6_IRQHandler                  0x080003b3   Thumb Code     0  startup_stm32h723xx.o(.text)
    DMA1_Stream7_IRQHandler                  0x080003b3   Thumb Code     0  startup_stm32h723xx.o(.text)
    DMA2D_IRQHandler                         0x080003b3   Thumb Code     0  startup_stm32h723xx.o(.text)
    DMA2_Stream0_IRQHandler                  0x080003b3   Thumb Code     0  startup_stm32h723xx.o(.text)
    DMA2_Stream1_IRQHandler                  0x080003b3   Thumb Code     0  startup_stm32h723xx.o(.text)
    DMA2_Stream2_IRQHandler                  0x080003b3   Thumb Code     0  startup_stm32h723xx.o(.text)
    DMA2_Stream3_IRQHandler                  0x080003b3   Thumb Code     0  startup_stm32h723xx.o(.text)
    DMA2_Stream4_IRQHandler                  0x080003b3   Thumb Code     0  startup_stm32h723xx.o(.text)
    DMA2_Stream5_IRQHandler                  0x080003b3   Thumb Code     0  startup_stm32h723xx.o(.text)
    DMA2_Stream6_IRQHandler                  0x080003b3   Thumb Code     0  startup_stm32h723xx.o(.text)
    DMA2_Stream7_IRQHandler                  0x080003b3   Thumb Code     0  startup_stm32h723xx.o(.text)
    DMAMUX1_OVR_IRQHandler                   0x080003b3   Thumb Code     0  startup_stm32h723xx.o(.text)
    DMAMUX2_OVR_IRQHandler                   0x080003b3   Thumb Code     0  startup_stm32h723xx.o(.text)
    DTS_IRQHandler                           0x080003b3   Thumb Code     0  startup_stm32h723xx.o(.text)
    ECC_IRQHandler                           0x080003b3   Thumb Code     0  startup_stm32h723xx.o(.text)
    ETH_IRQHandler                           0x080003b3   Thumb Code     0  startup_stm32h723xx.o(.text)
    ETH_WKUP_IRQHandler                      0x080003b3   Thumb Code     0  startup_stm32h723xx.o(.text)
    EXTI0_IRQHandler                         0x080003b3   Thumb Code     0  startup_stm32h723xx.o(.text)
    EXTI15_10_IRQHandler                     0x080003b3   Thumb Code     0  startup_stm32h723xx.o(.text)
    EXTI1_IRQHandler                         0x080003b3   Thumb Code     0  startup_stm32h723xx.o(.text)
    EXTI2_IRQHandler                         0x080003b3   Thumb Code     0  startup_stm32h723xx.o(.text)
    EXTI3_IRQHandler                         0x080003b3   Thumb Code     0  startup_stm32h723xx.o(.text)
    EXTI4_IRQHandler                         0x080003b3   Thumb Code     0  startup_stm32h723xx.o(.text)
    EXTI9_5_IRQHandler                       0x080003b3   Thumb Code     0  startup_stm32h723xx.o(.text)
    FDCAN1_IT0_IRQHandler                    0x080003b3   Thumb Code     0  startup_stm32h723xx.o(.text)
    FDCAN1_IT1_IRQHandler                    0x080003b3   Thumb Code     0  startup_stm32h723xx.o(.text)
    FDCAN2_IT0_IRQHandler                    0x080003b3   Thumb Code     0  startup_stm32h723xx.o(.text)
    FDCAN2_IT1_IRQHandler                    0x080003b3   Thumb Code     0  startup_stm32h723xx.o(.text)
    FDCAN3_IT0_IRQHandler                    0x080003b3   Thumb Code     0  startup_stm32h723xx.o(.text)
    FDCAN3_IT1_IRQHandler                    0x080003b3   Thumb Code     0  startup_stm32h723xx.o(.text)
    FDCAN_CAL_IRQHandler                     0x080003b3   Thumb Code     0  startup_stm32h723xx.o(.text)
    FLASH_IRQHandler                         0x080003b3   Thumb Code     0  startup_stm32h723xx.o(.text)
    FMAC_IRQHandler                          0x080003b3   Thumb Code     0  startup_stm32h723xx.o(.text)
    FMC_IRQHandler                           0x080003b3   Thumb Code     0  startup_stm32h723xx.o(.text)
    FPU_IRQHandler                           0x080003b3   Thumb Code     0  startup_stm32h723xx.o(.text)
    HSEM1_IRQHandler                         0x080003b3   Thumb Code     0  startup_stm32h723xx.o(.text)
    I2C1_ER_IRQHandler                       0x080003b3   Thumb Code     0  startup_stm32h723xx.o(.text)
    I2C1_EV_IRQHandler                       0x080003b3   Thumb Code     0  startup_stm32h723xx.o(.text)
    I2C2_ER_IRQHandler                       0x080003b3   Thumb Code     0  startup_stm32h723xx.o(.text)
    I2C2_EV_IRQHandler                       0x080003b3   Thumb Code     0  startup_stm32h723xx.o(.text)
    I2C3_ER_IRQHandler                       0x080003b3   Thumb Code     0  startup_stm32h723xx.o(.text)
    I2C3_EV_IRQHandler                       0x080003b3   Thumb Code     0  startup_stm32h723xx.o(.text)
    I2C4_ER_IRQHandler                       0x080003b3   Thumb Code     0  startup_stm32h723xx.o(.text)
    I2C4_EV_IRQHandler                       0x080003b3   Thumb Code     0  startup_stm32h723xx.o(.text)
    I2C5_ER_IRQHandler                       0x080003b3   Thumb Code     0  startup_stm32h723xx.o(.text)
    I2C5_EV_IRQHandler                       0x080003b3   Thumb Code     0  startup_stm32h723xx.o(.text)
    LPTIM1_IRQHandler                        0x080003b3   Thumb Code     0  startup_stm32h723xx.o(.text)
    LPTIM2_IRQHandler                        0x080003b3   Thumb Code     0  startup_stm32h723xx.o(.text)
    LPTIM3_IRQHandler                        0x080003b3   Thumb Code     0  startup_stm32h723xx.o(.text)
    LPTIM4_IRQHandler                        0x080003b3   Thumb Code     0  startup_stm32h723xx.o(.text)
    LPTIM5_IRQHandler                        0x080003b3   Thumb Code     0  startup_stm32h723xx.o(.text)
    LPUART1_IRQHandler                       0x080003b3   Thumb Code     0  startup_stm32h723xx.o(.text)
    LTDC_ER_IRQHandler                       0x080003b3   Thumb Code     0  startup_stm32h723xx.o(.text)
    LTDC_IRQHandler                          0x080003b3   Thumb Code     0  startup_stm32h723xx.o(.text)
    MDIOS_IRQHandler                         0x080003b3   Thumb Code     0  startup_stm32h723xx.o(.text)
    MDIOS_WKUP_IRQHandler                    0x080003b3   Thumb Code     0  startup_stm32h723xx.o(.text)
    MDMA_IRQHandler                          0x080003b3   Thumb Code     0  startup_stm32h723xx.o(.text)
    OCTOSPI1_IRQHandler                      0x080003b3   Thumb Code     0  startup_stm32h723xx.o(.text)
    OCTOSPI2_IRQHandler                      0x080003b3   Thumb Code     0  startup_stm32h723xx.o(.text)
    OTG_HS_EP1_IN_IRQHandler                 0x080003b3   Thumb Code     0  startup_stm32h723xx.o(.text)
    OTG_HS_EP1_OUT_IRQHandler                0x080003b3   Thumb Code     0  startup_stm32h723xx.o(.text)
    OTG_HS_IRQHandler                        0x080003b3   Thumb Code     0  startup_stm32h723xx.o(.text)
    OTG_HS_WKUP_IRQHandler                   0x080003b3   Thumb Code     0  startup_stm32h723xx.o(.text)
    PVD_AVD_IRQHandler                       0x080003b3   Thumb Code     0  startup_stm32h723xx.o(.text)
    RCC_IRQHandler                           0x080003b3   Thumb Code     0  startup_stm32h723xx.o(.text)
    RNG_IRQHandler                           0x080003b3   Thumb Code     0  startup_stm32h723xx.o(.text)
    RTC_Alarm_IRQHandler                     0x080003b3   Thumb Code     0  startup_stm32h723xx.o(.text)
    RTC_WKUP_IRQHandler                      0x080003b3   Thumb Code     0  startup_stm32h723xx.o(.text)
    SAI1_IRQHandler                          0x080003b3   Thumb Code     0  startup_stm32h723xx.o(.text)
    SAI4_IRQHandler                          0x080003b3   Thumb Code     0  startup_stm32h723xx.o(.text)
    SDMMC1_IRQHandler                        0x080003b3   Thumb Code     0  startup_stm32h723xx.o(.text)
    SDMMC2_IRQHandler                        0x080003b3   Thumb Code     0  startup_stm32h723xx.o(.text)
    SPDIF_RX_IRQHandler                      0x080003b3   Thumb Code     0  startup_stm32h723xx.o(.text)
    SPI1_IRQHandler                          0x080003b3   Thumb Code     0  startup_stm32h723xx.o(.text)
    SPI2_IRQHandler                          0x080003b3   Thumb Code     0  startup_stm32h723xx.o(.text)
    SPI3_IRQHandler                          0x080003b3   Thumb Code     0  startup_stm32h723xx.o(.text)
    SPI4_IRQHandler                          0x080003b3   Thumb Code     0  startup_stm32h723xx.o(.text)
    SPI5_IRQHandler                          0x080003b3   Thumb Code     0  startup_stm32h723xx.o(.text)
    SPI6_IRQHandler                          0x080003b3   Thumb Code     0  startup_stm32h723xx.o(.text)
    SWPMI1_IRQHandler                        0x080003b3   Thumb Code     0  startup_stm32h723xx.o(.text)
    TAMP_STAMP_IRQHandler                    0x080003b3   Thumb Code     0  startup_stm32h723xx.o(.text)
    TIM15_IRQHandler                         0x080003b3   Thumb Code     0  startup_stm32h723xx.o(.text)
    TIM16_IRQHandler                         0x080003b3   Thumb Code     0  startup_stm32h723xx.o(.text)
    TIM17_IRQHandler                         0x080003b3   Thumb Code     0  startup_stm32h723xx.o(.text)
    TIM1_BRK_IRQHandler                      0x080003b3   Thumb Code     0  startup_stm32h723xx.o(.text)
    TIM1_CC_IRQHandler                       0x080003b3   Thumb Code     0  startup_stm32h723xx.o(.text)
    TIM1_TRG_COM_IRQHandler                  0x080003b3   Thumb Code     0  startup_stm32h723xx.o(.text)
    TIM1_UP_IRQHandler                       0x080003b3   Thumb Code     0  startup_stm32h723xx.o(.text)
    TIM23_IRQHandler                         0x080003b3   Thumb Code     0  startup_stm32h723xx.o(.text)
    TIM24_IRQHandler                         0x080003b3   Thumb Code     0  startup_stm32h723xx.o(.text)
    TIM2_IRQHandler                          0x080003b3   Thumb Code     0  startup_stm32h723xx.o(.text)
    TIM3_IRQHandler                          0x080003b3   Thumb Code     0  startup_stm32h723xx.o(.text)
    TIM4_IRQHandler                          0x080003b3   Thumb Code     0  startup_stm32h723xx.o(.text)
    TIM5_IRQHandler                          0x080003b3   Thumb Code     0  startup_stm32h723xx.o(.text)
    TIM8_BRK_TIM12_IRQHandler                0x080003b3   Thumb Code     0  startup_stm32h723xx.o(.text)
    TIM8_CC_IRQHandler                       0x080003b3   Thumb Code     0  startup_stm32h723xx.o(.text)
    TIM8_TRG_COM_TIM14_IRQHandler            0x080003b3   Thumb Code     0  startup_stm32h723xx.o(.text)
    TIM8_UP_TIM13_IRQHandler                 0x080003b3   Thumb Code     0  startup_stm32h723xx.o(.text)
    UART4_IRQHandler                         0x080003b3   Thumb Code     0  startup_stm32h723xx.o(.text)
    UART5_IRQHandler                         0x080003b3   Thumb Code     0  startup_stm32h723xx.o(.text)
    UART7_IRQHandler                         0x080003b3   Thumb Code     0  startup_stm32h723xx.o(.text)
    UART8_IRQHandler                         0x080003b3   Thumb Code     0  startup_stm32h723xx.o(.text)
    UART9_IRQHandler                         0x080003b3   Thumb Code     0  startup_stm32h723xx.o(.text)
    USART10_IRQHandler                       0x080003b3   Thumb Code     0  startup_stm32h723xx.o(.text)
    USART2_IRQHandler                        0x080003b3   Thumb Code     0  startup_stm32h723xx.o(.text)
    USART3_IRQHandler                        0x080003b3   Thumb Code     0  startup_stm32h723xx.o(.text)
    USART6_IRQHandler                        0x080003b3   Thumb Code     0  startup_stm32h723xx.o(.text)
    WAKEUP_PIN_IRQHandler                    0x080003b3   Thumb Code     0  startup_stm32h723xx.o(.text)
    WWDG_IRQHandler                          0x080003b3   Thumb Code     0  startup_stm32h723xx.o(.text)
    __user_initial_stackheap                 0x080003b5   Thumb Code     0  startup_stm32h723xx.o(.text)
    __aeabi_uldivmod                         0x080003d9   Thumb Code     0  lludivv7m.o(.text)
    _ll_udiv                                 0x080003d9   Thumb Code   240  lludivv7m.o(.text)
    __aeabi_memcpy                           0x080004c9   Thumb Code     0  rt_memcpy_v6.o(.text)
    __rt_memcpy                              0x080004c9   Thumb Code   138  rt_memcpy_v6.o(.text)
    _memcpy_lastbytes                        0x0800052f   Thumb Code     0  rt_memcpy_v6.o(.text)
    __aeabi_memcpy4                          0x08000553   Thumb Code     0  rt_memcpy_w.o(.text)
    __aeabi_memcpy8                          0x08000553   Thumb Code     0  rt_memcpy_w.o(.text)
    __rt_memcpy_w                            0x08000553   Thumb Code   100  rt_memcpy_w.o(.text)
    _memcpy_lastbytes_aligned                0x0800059b   Thumb Code     0  rt_memcpy_w.o(.text)
    __aeabi_memclr4                          0x080005b7   Thumb Code     0  rt_memclr_w.o(.text)
    __aeabi_memclr8                          0x080005b7   Thumb Code     0  rt_memclr_w.o(.text)
    __rt_memclr_w                            0x080005b7   Thumb Code     0  rt_memclr_w.o(.text)
    _memset_w                                0x080005bb   Thumb Code    74  rt_memclr_w.o(.text)
    __use_two_region_memory                  0x08000605   Thumb Code     2  heapauxi.o(.text)
    __rt_heap_escrow$2region                 0x08000607   Thumb Code     2  heapauxi.o(.text)
    __rt_heap_expand$2region                 0x08000609   Thumb Code     2  heapauxi.o(.text)
    __user_setup_stackheap                   0x0800060b   Thumb Code    74  sys_stackheap_outer.o(.text)
    exit                                     0x08000655   Thumb Code    18  exit.o(.text)
    __user_libspace                          0x08000669   Thumb Code     8  libspace.o(.text)
    __user_perproc_libspace                  0x08000669   Thumb Code     0  libspace.o(.text)
    __user_perthread_libspace                0x08000669   Thumb Code     0  libspace.o(.text)
    _sys_exit                                0x08000671   Thumb Code     8  sys_exit.o(.text)
    __I$use$semihosting                      0x0800067d   Thumb Code     0  use_no_semi.o(.text)
    __use_no_semihosting_swi                 0x0800067d   Thumb Code     2  use_no_semi.o(.text)
    __semihosting_library_function           0x0800067f   Thumb Code     0  indicate_semi.o(.text)
    ADC_ConfigureBoostMode                   0x08000681   Thumb Code   474  stm32h7xx_hal_adc.o(.text.ADC_ConfigureBoostMode)
    ADC_DMAConvCplt                          0x08000861   Thumb Code   210  stm32h7xx_hal_adc.o(.text.ADC_DMAConvCplt)
    ADC_DMAError                             0x08000939   Thumb Code    42  stm32h7xx_hal_adc.o(.text.ADC_DMAError)
    ADC_DMAHalfConvCplt                      0x08000969   Thumb Code    22  stm32h7xx_hal_adc.o(.text.ADC_DMAHalfConvCplt)
    ADC_Disable                              0x08000981   Thumb Code   196  stm32h7xx_hal_adc.o(.text.ADC_Disable)
    ADC_Enable                               0x08000a49   Thumb Code   328  stm32h7xx_hal_adc.o(.text.ADC_Enable)
    BusFault_Handler                         0x08000b91   Thumb Code     4  stm32h7xx_it.o(.text.BusFault_Handler)
    Buzzer_Off                               0x08000b99   Thumb Code    14  buzzer.o(.text.Buzzer_Off)
    Buzzer_On                                0x08000ba9   Thumb Code    16  buzzer.o(.text.Buzzer_On)
    CalculateChecksum                        0x08000bb9   Thumb Code    74  hwt101.o(.text.CalculateChecksum)
    DMA1_Stream0_IRQHandler                  0x08000c09   Thumb Code    16  stm32h7xx_it.o(.text.DMA1_Stream0_IRQHandler)
    DMA1_Stream2_IRQHandler                  0x08000c19   Thumb Code    16  stm32h7xx_it.o(.text.DMA1_Stream2_IRQHandler)
    DebugMon_Handler                         0x080016a9   Thumb Code     2  stm32h7xx_it.o(.text.DebugMon_Handler)
    Error_Handler                            0x080016b1   Thumb Code    14  main.o(.text.Error_Handler)
    GetIMUdate_Task                          0x08001a41   Thumb Code    18  hardware_task.o(.text.GetIMUdate_Task)
    HAL_ADCEx_Calibration_Start              0x08001a59   Thumb Code   228  stm32h7xx_hal_adc_ex.o(.text.HAL_ADCEx_Calibration_Start)
    HAL_ADCEx_MultiModeConfigChannel         0x08001b41   Thumb Code   658  stm32h7xx_hal_adc_ex.o(.text.HAL_ADCEx_MultiModeConfigChannel)
    HAL_ADC_ConfigChannel                    0x08001dd9   Thumb Code  2976  stm32h7xx_hal_adc.o(.text.HAL_ADC_ConfigChannel)
    HAL_ADC_ConvCpltCallback                 0x08002979   Thumb Code     8  stm32h7xx_hal_adc.o(.text.HAL_ADC_ConvCpltCallback)
    HAL_ADC_ConvHalfCpltCallback             0x08002981   Thumb Code     8  stm32h7xx_hal_adc.o(.text.HAL_ADC_ConvHalfCpltCallback)
    HAL_ADC_ErrorCallback                    0x08002989   Thumb Code     8  stm32h7xx_hal_adc.o(.text.HAL_ADC_ErrorCallback)
    HAL_ADC_Init                             0x08002991   Thumb Code  1282  stm32h7xx_hal_adc.o(.text.HAL_ADC_Init)
    HAL_ADC_MspInit                          0x08002e99   Thumb Code   338  adc.o(.text.HAL_ADC_MspInit)
    HAL_ADC_Start_DMA                        0x08002ff1   Thumb Code   522  stm32h7xx_hal_adc.o(.text.HAL_ADC_Start_DMA)
    HAL_DMA_Abort                            0x08003201   Thumb Code  2424  stm32h7xx_hal_dma.o(.text.HAL_DMA_Abort)
    HAL_DMA_Abort_IT                         0x08003b79   Thumb Code  1706  stm32h7xx_hal_dma.o(.text.HAL_DMA_Abort_IT)
    HAL_DMA_GetError                         0x08004229   Thumb Code    12  stm32h7xx_hal_dma.o(.text.HAL_DMA_GetError)
    HAL_DMA_IRQHandler                       0x08004239   Thumb Code  4544  stm32h7xx_hal_dma.o(.text.HAL_DMA_IRQHandler)
    HAL_DMA_Init                             0x080053f9   Thumb Code  2400  stm32h7xx_hal_dma.o(.text.HAL_DMA_Init)
    HAL_DMA_Start_IT                         0x08005d59   Thumb Code  1794  stm32h7xx_hal_dma.o(.text.HAL_DMA_Start_IT)
    HAL_Delay                                0x08006461   Thumb Code    66  stm32h7xx_hal.o(.text.HAL_Delay)
    HAL_FDCAN_ActivateNotification           0x080064a9   Thumb Code   254  stm32h7xx_hal_fdcan.o(.text.HAL_FDCAN_ActivateNotification)
    HAL_FDCAN_AddMessageToTxFifoQ            0x080065a9   Thumb Code   202  stm32h7xx_hal_fdcan.o(.text.HAL_FDCAN_AddMessageToTxFifoQ)
    HAL_FDCAN_ConfigFifoWatermark            0x08006679   Thumb Code   168  stm32h7xx_hal_fdcan.o(.text.HAL_FDCAN_ConfigFifoWatermark)
    HAL_FDCAN_ConfigFilter                   0x08006721   Thumb Code   278  stm32h7xx_hal_fdcan.o(.text.HAL_FDCAN_ConfigFilter)
    HAL_FDCAN_ConfigGlobalFilter             0x08006839   Thumb Code    92  stm32h7xx_hal_fdcan.o(.text.HAL_FDCAN_ConfigGlobalFilter)
    HAL_FDCAN_Init                           0x08006899   Thumb Code   992  stm32h7xx_hal_fdcan.o(.text.HAL_FDCAN_Init)
    HAL_FDCAN_MspInit                        0x08006c79   Thumb Code   540  fdcan.o(.text.HAL_FDCAN_MspInit)
    HAL_FDCAN_Start                          0x08006e99   Thumb Code    80  stm32h7xx_hal_fdcan.o(.text.HAL_FDCAN_Start)
    HAL_GPIO_Init                            0x08006ee9   Thumb Code   936  stm32h7xx_hal_gpio.o(.text.HAL_GPIO_Init)
    HAL_GPIO_WritePin                        0x08007291   Thumb Code    46  stm32h7xx_hal_gpio.o(.text.HAL_GPIO_WritePin)
    HAL_GetTick                              0x080072c1   Thumb Code    12  stm32h7xx_hal.o(.text.HAL_GetTick)
    HAL_IncTick                              0x080072d1   Thumb Code    26  stm32h7xx_hal.o(.text.HAL_IncTick)
    HAL_Init                                 0x080072f1   Thumb Code   122  stm32h7xx_hal.o(.text.HAL_Init)
    HAL_InitTick                             0x08007371   Thumb Code   134  stm32h7xx_hal.o(.text.HAL_InitTick)
    HAL_MspInit                              0x080073f9   Thumb Code    36  stm32h7xx_hal_msp.o(.text.HAL_MspInit)
    HAL_NVIC_EnableIRQ                       0x08007421   Thumb Code    20  stm32h7xx_hal_cortex.o(.text.HAL_NVIC_EnableIRQ)
    HAL_NVIC_SetPriority                     0x08007439   Thumb Code    46  stm32h7xx_hal_cortex.o(.text.HAL_NVIC_SetPriority)
    HAL_NVIC_SetPriorityGrouping             0x08007469   Thumb Code    16  stm32h7xx_hal_cortex.o(.text.HAL_NVIC_SetPriorityGrouping)
    HAL_PWREx_ConfigSupply                   0x08007479   Thumb Code   162  stm32h7xx_hal_pwr_ex.o(.text.HAL_PWREx_ConfigSupply)
    HAL_RCCEx_GetD3PCLK1Freq                 0x08007521   Thumb Code    38  stm32h7xx_hal_rcc_ex.o(.text.HAL_RCCEx_GetD3PCLK1Freq)
    HAL_RCCEx_GetPLL1ClockFreq               0x08007549   Thumb Code   668  stm32h7xx_hal_rcc_ex.o(.text.HAL_RCCEx_GetPLL1ClockFreq)
    HAL_RCCEx_GetPLL2ClockFreq               0x080077f9   Thumb Code   668  stm32h7xx_hal_rcc_ex.o(.text.HAL_RCCEx_GetPLL2ClockFreq)
    HAL_RCCEx_GetPLL3ClockFreq               0x08007aa9   Thumb Code   668  stm32h7xx_hal_rcc_ex.o(.text.HAL_RCCEx_GetPLL3ClockFreq)
    HAL_RCCEx_GetPeriphCLKFreq               0x08007d59   Thumb Code  2770  stm32h7xx_hal_rcc_ex.o(.text.HAL_RCCEx_GetPeriphCLKFreq)
    HAL_RCCEx_PeriphCLKConfig                0x08008831   Thumb Code  4076  stm32h7xx_hal_rcc_ex.o(.text.HAL_RCCEx_PeriphCLKConfig)
    HAL_RCC_ClockConfig                      0x08009821   Thumb Code  1176  stm32h7xx_hal_rcc.o(.text.HAL_RCC_ClockConfig)
    HAL_RCC_GetHCLKFreq                      0x08009cb9   Thumb Code    86  stm32h7xx_hal_rcc.o(.text.HAL_RCC_GetHCLKFreq)
    HAL_RCC_GetPCLK1Freq                     0x08009d11   Thumb Code    38  stm32h7xx_hal_rcc.o(.text.HAL_RCC_GetPCLK1Freq)
    HAL_RCC_GetPCLK2Freq                     0x08009d39   Thumb Code    38  stm32h7xx_hal_rcc.o(.text.HAL_RCC_GetPCLK2Freq)
    HAL_RCC_GetSysClockFreq                  0x08009d61   Thumb Code   768  stm32h7xx_hal_rcc.o(.text.HAL_RCC_GetSysClockFreq)
    HAL_RCC_OscConfig                        0x0800a071   Thumb Code  2592  stm32h7xx_hal_rcc.o(.text.HAL_RCC_OscConfig)
    HAL_SYSTICK_Config                       0x0800aa91   Thumb Code    16  stm32h7xx_hal_cortex.o(.text.HAL_SYSTICK_Config)
    HAL_TIMEx_Break2Callback                 0x0800aaa1   Thumb Code     8  stm32h7xx_hal_tim_ex.o(.text.HAL_TIMEx_Break2Callback)
    HAL_TIMEx_BreakCallback                  0x0800aaa9   Thumb Code     8  stm32h7xx_hal_tim_ex.o(.text.HAL_TIMEx_BreakCallback)
    HAL_TIMEx_CommutCallback                 0x0800aab1   Thumb Code     8  stm32h7xx_hal_tim_ex.o(.text.HAL_TIMEx_CommutCallback)
    HAL_TIMEx_MasterConfigSynchronization    0x0800aab9   Thumb Code   380  stm32h7xx_hal_tim_ex.o(.text.HAL_TIMEx_MasterConfigSynchronization)
    HAL_TIM_Base_Init                        0x0800ac39   Thumb Code   168  stm32h7xx_hal_tim.o(.text.HAL_TIM_Base_Init)
    HAL_TIM_Base_MspInit                     0x0800ace1   Thumb Code   148  tim.o(.text.HAL_TIM_Base_MspInit)
    HAL_TIM_Base_Start_IT                    0x0800ad79   Thumb Code   296  stm32h7xx_hal_tim.o(.text.HAL_TIM_Base_Start_IT)
    HAL_TIM_IC_CaptureCallback               0x0800aea1   Thumb Code     8  stm32h7xx_hal_tim.o(.text.HAL_TIM_IC_CaptureCallback)
    HAL_TIM_IRQHandler                       0x0800aea9   Thumb Code   592  stm32h7xx_hal_tim.o(.text.HAL_TIM_IRQHandler)
    HAL_TIM_MspPostInit                      0x0800b0f9   Thumb Code   104  tim.o(.text.HAL_TIM_MspPostInit)
    HAL_TIM_OC_DelayElapsedCallback          0x0800b161   Thumb Code     8  stm32h7xx_hal_tim.o(.text.HAL_TIM_OC_DelayElapsedCallback)
    HAL_TIM_PWM_ConfigChannel                0x0800b169   Thumb Code   432  stm32h7xx_hal_tim.o(.text.HAL_TIM_PWM_ConfigChannel)
    HAL_TIM_PWM_Init                         0x0800b319   Thumb Code   168  stm32h7xx_hal_tim.o(.text.HAL_TIM_PWM_Init)
    HAL_TIM_PWM_MspInit                      0x0800b3c1   Thumb Code    58  tim.o(.text.HAL_TIM_PWM_MspInit)
    HAL_TIM_PWM_PulseFinishedCallback        0x0800b401   Thumb Code     8  stm32h7xx_hal_tim.o(.text.HAL_TIM_PWM_PulseFinishedCallback)
    HAL_TIM_PWM_Start                        0x0800b409   Thumb Code   674  stm32h7xx_hal_tim.o(.text.HAL_TIM_PWM_Start)
    HAL_TIM_PeriodElapsedCallback            0x0800b6b1   Thumb Code    54  interrupt.o(.text.HAL_TIM_PeriodElapsedCallback)
    HAL_TIM_TriggerCallback                  0x0800b6e9   Thumb Code     8  stm32h7xx_hal_tim.o(.text.HAL_TIM_TriggerCallback)
    HAL_UARTEx_DisableFifoMode               0x0800b6f1   Thumb Code   124  stm32h7xx_hal_uart_ex.o(.text.HAL_UARTEx_DisableFifoMode)
    HAL_UARTEx_RxEventCallback               0x0800b771   Thumb Code    12  stm32h7xx_hal_uart.o(.text.HAL_UARTEx_RxEventCallback)
    HAL_UARTEx_RxFifoFullCallback            0x0800b781   Thumb Code     8  stm32h7xx_hal_uart_ex.o(.text.HAL_UARTEx_RxFifoFullCallback)
    HAL_UARTEx_SetRxFifoThreshold            0x0800b789   Thumb Code   140  stm32h7xx_hal_uart_ex.o(.text.HAL_UARTEx_SetRxFifoThreshold)
    HAL_UARTEx_SetTxFifoThreshold            0x0800b819   Thumb Code   140  stm32h7xx_hal_uart_ex.o(.text.HAL_UARTEx_SetTxFifoThreshold)
    HAL_UARTEx_TxFifoEmptyCallback           0x0800b8a9   Thumb Code     8  stm32h7xx_hal_uart_ex.o(.text.HAL_UARTEx_TxFifoEmptyCallback)
    HAL_UARTEx_WakeupCallback                0x0800b8b1   Thumb Code     8  stm32h7xx_hal_uart_ex.o(.text.HAL_UARTEx_WakeupCallback)
    HAL_UART_DMAStop                         0x0800b8b9   Thumb Code   288  stm32h7xx_hal_uart.o(.text.HAL_UART_DMAStop)
    HAL_UART_ErrorCallback                   0x0800b9d9   Thumb Code     8  stm32h7xx_hal_uart.o(.text.HAL_UART_ErrorCallback)
    HAL_UART_IRQHandler                      0x0800b9e1   Thumb Code  1736  stm32h7xx_hal_uart.o(.text.HAL_UART_IRQHandler)
    HAL_UART_Init                            0x0800c0a9   Thumb Code   170  stm32h7xx_hal_uart.o(.text.HAL_UART_Init)
    HAL_UART_MspInit                         0x0800c159   Thumb Code   276  usart.o(.text.HAL_UART_MspInit)
    HAL_UART_Receive_DMA                     0x0800c271   Thumb Code   160  stm32h7xx_hal_uart.o(.text.HAL_UART_Receive_DMA)
    HAL_UART_RxCpltCallback                  0x0800c311   Thumb Code     8  stm32h7xx_hal_uart.o(.text.HAL_UART_RxCpltCallback)
    HAL_UART_RxHalfCpltCallback              0x0800c319   Thumb Code     8  stm32h7xx_hal_uart.o(.text.HAL_UART_RxHalfCpltCallback)
    HAL_UART_Transmit                        0x0800c321   Thumb Code   312  stm32h7xx_hal_uart.o(.text.HAL_UART_Transmit)
    HAL_UART_TxCpltCallback                  0x0800c459   Thumb Code     8  stm32h7xx_hal_uart.o(.text.HAL_UART_TxCpltCallback)
    HardFault_Handler                        0x0800c461   Thumb Code     4  stm32h7xx_it.o(.text.HardFault_Handler)
    Hight_Task                               0x0800c469   Thumb Code     8  task_management.o(.text.Hight_Task)
    InfiniteYaw                              0x0800c471   Thumb Code   160  hwt101.o(.text.InfiniteYaw)
    Low_Task                                 0x0800c9f9   Thumb Code     8  task_management.o(.text.Low_Task)
    MX_ADC1_Init                             0x0800ca01   Thumb Code   226  adc.o(.text.MX_ADC1_Init)
    MX_DMA_Init                              0x0800cae9   Thumb Code    76  dma.o(.text.MX_DMA_Init)
    MX_FDCAN1_Init                           0x0800cb39   Thumb Code   124  fdcan.o(.text.MX_FDCAN1_Init)
    MX_FDCAN2_Init                           0x0800cbb9   Thumb Code   126  fdcan.o(.text.MX_FDCAN2_Init)
    MX_FDCAN3_Init                           0x0800cc39   Thumb Code   128  fdcan.o(.text.MX_FDCAN3_Init)
    MX_GPIO_Init                             0x0800ccb9   Thumb Code   318  gpio.o(.text.MX_GPIO_Init)
    MX_TIM12_Init                            0x0800cdf9   Thumb Code   160  tim.o(.text.MX_TIM12_Init)
    MX_TIM6_Init                             0x0800ce99   Thumb Code    92  tim.o(.text.MX_TIM6_Init)
    MX_TIM7_Init                             0x0800cef9   Thumb Code    92  tim.o(.text.MX_TIM7_Init)
    MX_USART1_UART_Init                      0x0800cf59   Thumb Code   142  usart.o(.text.MX_USART1_UART_Init)
    Medium_Task                              0x0800cfe9   Thumb Code     2  task_management.o(.text.Medium_Task)
    MemManage_Handler                        0x0800cff1   Thumb Code     4  stm32h7xx_it.o(.text.MemManage_Handler)
    NMI_Handler                              0x0800cff9   Thumb Code     4  stm32h7xx_it.o(.text.NMI_Handler)
    ParseAndPrintData                        0x0800d071   Thumb Code   496  hwt101.o(.text.ParseAndPrintData)
    PendSV_Handler                           0x0800d279   Thumb Code     2  stm32h7xx_it.o(.text.PendSV_Handler)
    PowerWarnig_Task                         0x0800d281   Thumb Code    16  hardware_task.o(.text.PowerWarnig_Task)
    PowerWarning                             0x0800d291   Thumb Code   148  powerwarning.o(.text.PowerWarning)
    ResetHWT101                              0x0800d6d1   Thumb Code    68  hwt101.o(.text.ResetHWT101)
    SVC_Handler                              0x0800d719   Thumb Code     2  stm32h7xx_it.o(.text.SVC_Handler)
    SysTick_Handler                          0x0800d779   Thumb Code     8  stm32h7xx_it.o(.text.SysTick_Handler)
    SystemClock_Config                       0x0800d781   Thumb Code   204  main.o(.text.SystemClock_Config)
    SystemInit                               0x0800d851   Thumb Code   314  system_stm32h7xx.o(.text.SystemInit)
    TIM6_DAC_IRQHandler                      0x0800d991   Thumb Code    16  stm32h7xx_it.o(.text.TIM6_DAC_IRQHandler)
    TIM7_IRQHandler                          0x0800d9a1   Thumb Code    16  stm32h7xx_it.o(.text.TIM7_IRQHandler)
    TIM_Base_SetConfig                       0x0800d9b1   Thumb Code   464  stm32h7xx_hal_tim.o(.text.TIM_Base_SetConfig)
    TIM_CCxChannelCmd                        0x0800db81   Thumb Code    54  stm32h7xx_hal_tim.o(.text.TIM_CCxChannelCmd)
    TIM_OC2_SetConfig                        0x0800dd09   Thumb Code   364  stm32h7xx_hal_tim.o(.text.TIM_OC2_SetConfig)
    UART_AdvFeatureConfig                    0x0800e2f9   Thumb Code   328  stm32h7xx_hal_uart.o(.text.UART_AdvFeatureConfig)
    UART_CheckIdleState                      0x0800e441   Thumb Code   326  stm32h7xx_hal_uart.o(.text.UART_CheckIdleState)
    UART_SetConfig                           0x0800e8a9   Thumb Code  2638  stm32h7xx_hal_uart.o(.text.UART_SetConfig)
    UART_Start_Receive_DMA                   0x0800f2f9   Thumb Code   302  stm32h7xx_hal_uart.o(.text.UART_Start_Receive_DMA)
    UART_WaitOnFlagUntilTimeout              0x0800f429   Thumb Code   268  stm32h7xx_hal_uart.o(.text.UART_WaitOnFlagUntilTimeout)
    USART1_IRQHandler                        0x0800f539   Thumb Code   644  stm32h7xx_it.o(.text.USART1_IRQHandler)
    UsageFault_Handler                       0x0800f7c1   Thumb Code     4  stm32h7xx_it.o(.text.UsageFault_Handler)
    bsp_can_init                             0x0800f891   Thumb Code    88  bsp_fdcan.o(.text.bsp_can_init)
    can_filter_init                          0x0800f8e9   Thumb Code    72  bsp_fdcan.o(.text.can_filter_init)
    fdcanx_send_data                         0x0800f931   Thumb Code   196  bsp_fdcan.o(.text.fdcanx_send_data)
    main                                     0x0800f9f9   Thumb Code   292  main.o(.text.main)
    _fp_init                                 0x0800fb1d   Thumb Code    26  fpinit.o(x$fpl$fpinit)
    __fplib_config_fpu_vfp                   0x0800fb35   Thumb Code     0  fpinit.o(x$fpl$fpinit)
    __fplib_config_pureend_doubles           0x0800fb35   Thumb Code     0  fpinit.o(x$fpl$fpinit)
    D1CorePrescTable                         0x0800fb84   Data          16  system_stm32h7xx.o(.rodata.D1CorePrescTable)
    UARTPrescTable                           0x0800fbbc   Data          24  stm32h7xx_hal_uart.o(.rodata.UARTPrescTable)
    Region$$Table$$Base                      0x0800fbd4   Number         0  anon$$obj.o(Region$$Table)
    Region$$Table$$Limit                     0x0800fbf4   Number         0  anon$$obj.o(Region$$Table)
    SystemCoreClock                          0x24000000   Data           4  system_stm32h7xx.o(.data.SystemCoreClock)
    SystemD2Clock                            0x24000004   Data           4  system_stm32h7xx.o(.data.SystemD2Clock)
    uwTickFreq                               0x24000008   Data           1  stm32h7xx_hal.o(.data.uwTickFreq)
    uwTickPrio                               0x2400000c   Data           4  stm32h7xx_hal.o(.data.uwTickPrio)
    __libspace_start                         0x24000010   Data          96  libspace.o(.bss)
    __temporary_stack_top$libspace           0x24000070   Data           0  libspace.o(.bss)
    IMU                                      0x24000074   Data          16  hwt101.o(.bss.IMU)
    Last_Yaw                                 0x24000084   Data           4  hwt101.o(.bss.Last_Yaw)
    UART1_RX_BUF                             0x24000088   Data          32  main.o(.bss.UART1_RX_BUF)
    UART1_RX_STA                             0x240000a8   Data           2  main.o(.bss.UART1_RX_STA)
    UART1_RX_Second_BUF                      0x240000aa   Data          32  main.o(.bss.UART1_RX_Second_BUF)
    adc_val                                  0x240000ca   Data           4  main.o(.bss.adc_val)
    angular_velocity_y                       0x240000d0   Data           4  hwt101.o(.bss.angular_velocity_y)
    angular_velocity_z                       0x240000d4   Data           4  hwt101.o(.bss.angular_velocity_z)
    flag                                     0x240000d8   Data           4  hwt101.o(.bss.flag)
    global_angle                             0x240000dc   Data           4  hwt101.o(.bss.global_angle)
    hadc1                                    0x240000e0   Data         112  adc.o(.bss.hadc1)
    hdma_adc1                                0x24000150   Data         120  adc.o(.bss.hdma_adc1)
    hdma_usart1_rx                           0x240001c8   Data         120  usart.o(.bss.hdma_usart1_rx)
    hfdcan1                                  0x24000240   Data         160  fdcan.o(.bss.hfdcan1)
    hfdcan2                                  0x240002e0   Data         160  fdcan.o(.bss.hfdcan2)
    hfdcan3                                  0x24000380   Data         160  fdcan.o(.bss.hfdcan3)
    htim12                                   0x24000420   Data          76  tim.o(.bss.htim12)
    htim6                                    0x2400046c   Data          76  tim.o(.bss.htim6)
    htim7                                    0x240004b8   Data          76  tim.o(.bss.htim7)
    huart1                                   0x24000504   Data         148  usart.o(.bss.huart1)
    uwTick                                   0x24000598   Data           4  stm32h7xx_hal.o(.bss.uwTick)
    vbus                                     0x2400059c   Data           4  main.o(.bss.vbus)



==============================================================================

Memory Map of the image

  Image Entry point : 0x080002cd

  Load Region LR_IROM1 (Base: 0x08000000, Size: 0x0000fc08, Max: 0x00100000, ABSOLUTE)

    Execution Region ER_IROM1 (Exec base: 0x08000000, Load base: 0x08000000, Size: 0x0000fbf4, Max: 0x00100000, ABSOLUTE)

    Exec Addr    Load Addr    Size         Type   Attr      Idx    E Section Name        Object

    0x08000000   0x08000000   0x000002cc   Data   RO            3    RESET               startup_stm32h723xx.o
    0x080002cc   0x080002cc   0x00000008   Code   RO         2231  * !!!main             c_w.l(__main.o)
    0x080002d4   0x080002d4   0x0000005c   Code   RO         2406    !!!scatter          c_w.l(__scatter.o)
    0x08000330   0x08000330   0x0000001a   Code   RO         2410    !!handler_copy      c_w.l(__scatter_copy.o)
    0x0800034a   0x0800034a   0x00000002   PAD
    0x0800034c   0x0800034c   0x00000002   Code   RO         2407    !!handler_null      c_w.l(__scatter.o)
    0x0800034e   0x0800034e   0x00000002   PAD
    0x08000350   0x08000350   0x0000001c   Code   RO         2412    !!handler_zi        c_w.l(__scatter_zi.o)
    0x0800036c   0x0800036c   0x00000002   Code   RO         2268    .ARM.Collect$$libinit$$00000000  c_w.l(libinit.o)
    0x0800036e   0x0800036e   0x00000004   Code   RO         2280    .ARM.Collect$$libinit$$00000001  c_w.l(libinit2.o)
    0x08000372   0x08000372   0x00000000   Code   RO         2283    .ARM.Collect$$libinit$$00000004  c_w.l(libinit2.o)
    0x08000372   0x08000372   0x00000000   Code   RO         2285    .ARM.Collect$$libinit$$00000006  c_w.l(libinit2.o)
    0x08000372   0x08000372   0x00000000   Code   RO         2288    .ARM.Collect$$libinit$$0000000C  c_w.l(libinit2.o)
    0x08000372   0x08000372   0x00000000   Code   RO         2290    .ARM.Collect$$libinit$$0000000E  c_w.l(libinit2.o)
    0x08000372   0x08000372   0x00000000   Code   RO         2292    .ARM.Collect$$libinit$$00000010  c_w.l(libinit2.o)
    0x08000372   0x08000372   0x00000000   Code   RO         2295    .ARM.Collect$$libinit$$00000013  c_w.l(libinit2.o)
    0x08000372   0x08000372   0x00000000   Code   RO         2297    .ARM.Collect$$libinit$$00000015  c_w.l(libinit2.o)
    0x08000372   0x08000372   0x00000000   Code   RO         2299    .ARM.Collect$$libinit$$00000017  c_w.l(libinit2.o)
    0x08000372   0x08000372   0x00000000   Code   RO         2301    .ARM.Collect$$libinit$$00000019  c_w.l(libinit2.o)
    0x08000372   0x08000372   0x00000000   Code   RO         2303    .ARM.Collect$$libinit$$0000001B  c_w.l(libinit2.o)
    0x08000372   0x08000372   0x00000000   Code   RO         2305    .ARM.Collect$$libinit$$0000001D  c_w.l(libinit2.o)
    0x08000372   0x08000372   0x00000000   Code   RO         2307    .ARM.Collect$$libinit$$0000001F  c_w.l(libinit2.o)
    0x08000372   0x08000372   0x00000000   Code   RO         2309    .ARM.Collect$$libinit$$00000021  c_w.l(libinit2.o)
    0x08000372   0x08000372   0x00000000   Code   RO         2311    .ARM.Collect$$libinit$$00000023  c_w.l(libinit2.o)
    0x08000372   0x08000372   0x00000000   Code   RO         2313    .ARM.Collect$$libinit$$00000025  c_w.l(libinit2.o)
    0x08000372   0x08000372   0x00000000   Code   RO         2315    .ARM.Collect$$libinit$$00000027  c_w.l(libinit2.o)
    0x08000372   0x08000372   0x00000000   Code   RO         2319    .ARM.Collect$$libinit$$0000002E  c_w.l(libinit2.o)
    0x08000372   0x08000372   0x00000000   Code   RO         2321    .ARM.Collect$$libinit$$00000030  c_w.l(libinit2.o)
    0x08000372   0x08000372   0x00000000   Code   RO         2323    .ARM.Collect$$libinit$$00000032  c_w.l(libinit2.o)
    0x08000372   0x08000372   0x00000000   Code   RO         2325    .ARM.Collect$$libinit$$00000034  c_w.l(libinit2.o)
    0x08000372   0x08000372   0x00000002   Code   RO         2326    .ARM.Collect$$libinit$$00000035  c_w.l(libinit2.o)
    0x08000374   0x08000374   0x00000002   Code   RO         2361    .ARM.Collect$$libshutdown$$00000000  c_w.l(libshutdown.o)
    0x08000376   0x08000376   0x00000000   Code   RO         2389    .ARM.Collect$$libshutdown$$00000002  c_w.l(libshutdown2.o)
    0x08000376   0x08000376   0x00000000   Code   RO         2391    .ARM.Collect$$libshutdown$$00000004  c_w.l(libshutdown2.o)
    0x08000376   0x08000376   0x00000000   Code   RO         2394    .ARM.Collect$$libshutdown$$00000007  c_w.l(libshutdown2.o)
    0x08000376   0x08000376   0x00000000   Code   RO         2397    .ARM.Collect$$libshutdown$$0000000A  c_w.l(libshutdown2.o)
    0x08000376   0x08000376   0x00000000   Code   RO         2399    .ARM.Collect$$libshutdown$$0000000C  c_w.l(libshutdown2.o)
    0x08000376   0x08000376   0x00000000   Code   RO         2402    .ARM.Collect$$libshutdown$$0000000F  c_w.l(libshutdown2.o)
    0x08000376   0x08000376   0x00000002   Code   RO         2403    .ARM.Collect$$libshutdown$$00000010  c_w.l(libshutdown2.o)
    0x08000378   0x08000378   0x00000000   Code   RO         2233    .ARM.Collect$$rtentry$$00000000  c_w.l(__rtentry.o)
    0x08000378   0x08000378   0x00000000   Code   RO         2239    .ARM.Collect$$rtentry$$00000002  c_w.l(__rtentry2.o)
    0x08000378   0x08000378   0x00000006   Code   RO         2251    .ARM.Collect$$rtentry$$00000004  c_w.l(__rtentry4.o)
    0x0800037e   0x0800037e   0x00000000   Code   RO         2241    .ARM.Collect$$rtentry$$00000009  c_w.l(__rtentry2.o)
    0x0800037e   0x0800037e   0x00000004   Code   RO         2242    .ARM.Collect$$rtentry$$0000000A  c_w.l(__rtentry2.o)
    0x08000382   0x08000382   0x00000000   Code   RO         2244    .ARM.Collect$$rtentry$$0000000C  c_w.l(__rtentry2.o)
    0x08000382   0x08000382   0x00000008   Code   RO         2245    .ARM.Collect$$rtentry$$0000000D  c_w.l(__rtentry2.o)
    0x0800038a   0x0800038a   0x00000002   Code   RO         2272    .ARM.Collect$$rtexit$$00000000  c_w.l(rtexit.o)
    0x0800038c   0x0800038c   0x00000000   Code   RO         2332    .ARM.Collect$$rtexit$$00000002  c_w.l(rtexit2.o)
    0x0800038c   0x0800038c   0x00000004   Code   RO         2333    .ARM.Collect$$rtexit$$00000003  c_w.l(rtexit2.o)
    0x08000390   0x08000390   0x00000006   Code   RO         2334    .ARM.Collect$$rtexit$$00000004  c_w.l(rtexit2.o)
    0x08000396   0x08000396   0x00000002   PAD
    0x08000398   0x08000398   0x00000040   Code   RO            4    .text               startup_stm32h723xx.o
    0x080003d8   0x080003d8   0x000000f0   Code   RO         2221    .text               c_w.l(lludivv7m.o)
    0x080004c8   0x080004c8   0x0000008a   Code   RO         2223    .text               c_w.l(rt_memcpy_v6.o)
    0x08000552   0x08000552   0x00000064   Code   RO         2225    .text               c_w.l(rt_memcpy_w.o)
    0x080005b6   0x080005b6   0x0000004e   Code   RO         2227    .text               c_w.l(rt_memclr_w.o)
    0x08000604   0x08000604   0x00000006   Code   RO         2229    .text               c_w.l(heapauxi.o)
    0x0800060a   0x0800060a   0x0000004a   Code   RO         2255    .text               c_w.l(sys_stackheap_outer.o)
    0x08000654   0x08000654   0x00000012   Code   RO         2257    .text               c_w.l(exit.o)
    0x08000666   0x08000666   0x00000002   PAD
    0x08000668   0x08000668   0x00000008   Code   RO         2269    .text               c_w.l(libspace.o)
    0x08000670   0x08000670   0x0000000c   Code   RO         2327    .text               c_w.l(sys_exit.o)
    0x0800067c   0x0800067c   0x00000002   Code   RO         2350    .text               c_w.l(use_no_semi.o)
    0x0800067e   0x0800067e   0x00000000   Code   RO         2352    .text               c_w.l(indicate_semi.o)
    0x0800067e   0x0800067e   0x00000002   PAD
    0x08000680   0x08000680   0x000001da   Code   RO          190    .text.ADC_ConfigureBoostMode  stm32h7xx_hal_adc.o
    0x0800085a   0x0800085a   0x00000006   PAD
    0x08000860   0x08000860   0x000000d2   Code   RO          224    .text.ADC_DMAConvCplt  stm32h7xx_hal_adc.o
    0x08000932   0x08000932   0x00000006   PAD
    0x08000938   0x08000938   0x0000002a   Code   RO          228    .text.ADC_DMAError  stm32h7xx_hal_adc.o
    0x08000962   0x08000962   0x00000006   PAD
    0x08000968   0x08000968   0x00000016   Code   RO          226    .text.ADC_DMAHalfConvCplt  stm32h7xx_hal_adc.o
    0x0800097e   0x0800097e   0x00000002   PAD
    0x08000980   0x08000980   0x000000c4   Code   RO          196    .text.ADC_Disable   stm32h7xx_hal_adc.o
    0x08000a44   0x08000a44   0x00000004   PAD
    0x08000a48   0x08000a48   0x00000148   Code   RO          204    .text.ADC_Enable    stm32h7xx_hal_adc.o
    0x08000b90   0x08000b90   0x00000004   Code   RO          133    .text.BusFault_Handler  stm32h7xx_it.o
    0x08000b94   0x08000b94   0x00000004   PAD
    0x08000b98   0x08000b98   0x0000000e   Code   RO         2119    .text.Buzzer_Off    buzzer.o
    0x08000ba6   0x08000ba6   0x00000002   PAD
    0x08000ba8   0x08000ba8   0x00000010   Code   RO         2117    .text.Buzzer_On     buzzer.o
    0x08000bb8   0x08000bb8   0x0000004a   Code   RO         2138    .text.CalculateChecksum  hwt101.o
    0x08000c02   0x08000c02   0x00000006   PAD
    0x08000c08   0x08000c08   0x00000010   Code   RO          145    .text.DMA1_Stream0_IRQHandler  stm32h7xx_it.o
    0x08000c18   0x08000c18   0x00000010   Code   RO          147    .text.DMA1_Stream2_IRQHandler  stm32h7xx_it.o
    0x08000c28   0x08000c28   0x000001ca   Code   RO          705    .text.DMA_CalcBaseAndBitshift  stm32h7xx_hal_dma.o
    0x08000df2   0x08000df2   0x00000006   PAD
    0x08000df8   0x08000df8   0x00000178   Code   RO          707    .text.DMA_CalcDMAMUXChannelBaseAndMask  stm32h7xx_hal_dma.o
    0x08000f70   0x08000f70   0x0000012a   Code   RO          709    .text.DMA_CalcDMAMUXRequestGenBaseAndMask  stm32h7xx_hal_dma.o
    0x0800109a   0x0800109a   0x00000006   PAD
    0x080010a0   0x080010a0   0x000000f0   Code   RO          703    .text.DMA_CheckFifoParam  stm32h7xx_hal_dma.o
    0x08001190   0x08001190   0x00000514   Code   RO          715    .text.DMA_SetConfig  stm32h7xx_hal_dma.o
    0x080016a4   0x080016a4   0x00000004   PAD
    0x080016a8   0x080016a8   0x00000002   Code   RO          139    .text.DebugMon_Handler  stm32h7xx_it.o
    0x080016aa   0x080016aa   0x00000006   PAD
    0x080016b0   0x080016b0   0x0000000e   Code   RO           15    .text.Error_Handler  main.o
    0x080016be   0x080016be   0x00000002   PAD
    0x080016c0   0x080016c0   0x000002c2   Code   RO         1353    .text.FDCAN_CalcultateRamBlockAddresses  stm32h7xx_hal_fdcan.o
    0x08001982   0x08001982   0x00000006   PAD
    0x08001988   0x08001988   0x000000b8   Code   RO         1423    .text.FDCAN_CopyMessageToRAM  stm32h7xx_hal_fdcan.o
    0x08001a40   0x08001a40   0x00000012   Code   RO         2198    .text.GetIMUdate_Task  hardware_task.o
    0x08001a52   0x08001a52   0x00000006   PAD
    0x08001a58   0x08001a58   0x000000e4   Code   RO          323    .text.HAL_ADCEx_Calibration_Start  stm32h7xx_hal_adc_ex.o
    0x08001b3c   0x08001b3c   0x00000004   PAD
    0x08001b40   0x08001b40   0x00000292   Code   RO          425    .text.HAL_ADCEx_MultiModeConfigChannel  stm32h7xx_hal_adc_ex.o
    0x08001dd2   0x08001dd2   0x00000006   PAD
    0x08001dd8   0x08001dd8   0x00000ba0   Code   RO          252    .text.HAL_ADC_ConfigChannel  stm32h7xx_hal_adc.o
    0x08002978   0x08002978   0x00000008   Code   RO          242    .text.HAL_ADC_ConvCpltCallback  stm32h7xx_hal_adc.o
    0x08002980   0x08002980   0x00000008   Code   RO          250    .text.HAL_ADC_ConvHalfCpltCallback  stm32h7xx_hal_adc.o
    0x08002988   0x08002988   0x00000008   Code   RO          248    .text.HAL_ADC_ErrorCallback  stm32h7xx_hal_adc.o
    0x08002990   0x08002990   0x00000502   Code   RO          170    .text.HAL_ADC_Init  stm32h7xx_hal_adc.o
    0x08002e92   0x08002e92   0x00000006   PAD
    0x08002e98   0x08002e98   0x00000152   Code   RO           44    .text.HAL_ADC_MspInit  adc.o
    0x08002fea   0x08002fea   0x00000006   PAD
    0x08002ff0   0x08002ff0   0x0000020a   Code   RO          222    .text.HAL_ADC_Start_DMA  stm32h7xx_hal_adc.o
    0x080031fa   0x080031fa   0x00000006   PAD
    0x08003200   0x08003200   0x00000978   Code   RO          719    .text.HAL_DMA_Abort  stm32h7xx_hal_dma.o
    0x08003b78   0x08003b78   0x000006aa   Code   RO          721    .text.HAL_DMA_Abort_IT  stm32h7xx_hal_dma.o
    0x08004222   0x08004222   0x00000006   PAD
    0x08004228   0x08004228   0x0000000c   Code   RO          733    .text.HAL_DMA_GetError  stm32h7xx_hal_dma.o
    0x08004234   0x08004234   0x00000004   PAD
    0x08004238   0x08004238   0x000011c0   Code   RO          725    .text.HAL_DMA_IRQHandler  stm32h7xx_hal_dma.o
    0x080053f8   0x080053f8   0x00000960   Code   RO          701    .text.HAL_DMA_Init  stm32h7xx_hal_dma.o
    0x08005d58   0x08005d58   0x00000702   Code   RO          717    .text.HAL_DMA_Start_IT  stm32h7xx_hal_dma.o
    0x0800645a   0x0800645a   0x00000006   PAD
    0x08006460   0x08006460   0x00000042   Code   RO         1038    .text.HAL_Delay     stm32h7xx_hal.o
    0x080064a2   0x080064a2   0x00000006   PAD
    0x080064a8   0x080064a8   0x000000fe   Code   RO         1501    .text.HAL_FDCAN_ActivateNotification  stm32h7xx_hal_fdcan.o
    0x080065a6   0x080065a6   0x00000002   PAD
    0x080065a8   0x080065a8   0x000000ca   Code   RO         1421    .text.HAL_FDCAN_AddMessageToTxFifoQ  stm32h7xx_hal_fdcan.o
    0x08006672   0x08006672   0x00000006   PAD
    0x08006678   0x08006678   0x000000a8   Code   RO         1381    .text.HAL_FDCAN_ConfigFifoWatermark  stm32h7xx_hal_fdcan.o
    0x08006720   0x08006720   0x00000116   Code   RO         1373    .text.HAL_FDCAN_ConfigFilter  stm32h7xx_hal_fdcan.o
    0x08006836   0x08006836   0x00000002   PAD
    0x08006838   0x08006838   0x0000005c   Code   RO         1375    .text.HAL_FDCAN_ConfigGlobalFilter  stm32h7xx_hal_fdcan.o
    0x08006894   0x08006894   0x00000004   PAD
    0x08006898   0x08006898   0x000003e0   Code   RO         1349    .text.HAL_FDCAN_Init  stm32h7xx_hal_fdcan.o
    0x08006c78   0x08006c78   0x0000021c   Code   RO           71    .text.HAL_FDCAN_MspInit  fdcan.o
    0x08006e94   0x08006e94   0x00000004   PAD
    0x08006e98   0x08006e98   0x00000050   Code   RO         1419    .text.HAL_FDCAN_Start  stm32h7xx_hal_fdcan.o
    0x08006ee8   0x08006ee8   0x000003a8   Code   RO          649    .text.HAL_GPIO_Init  stm32h7xx_hal_gpio.o
    0x08007290   0x08007290   0x0000002e   Code   RO          655    .text.HAL_GPIO_WritePin  stm32h7xx_hal_gpio.o
    0x080072be   0x080072be   0x00000002   PAD
    0x080072c0   0x080072c0   0x0000000c   Code   RO         1030    .text.HAL_GetTick   stm32h7xx_hal.o
    0x080072cc   0x080072cc   0x00000004   PAD
    0x080072d0   0x080072d0   0x0000001a   Code   RO         1028    .text.HAL_IncTick   stm32h7xx_hal.o
    0x080072ea   0x080072ea   0x00000006   PAD
    0x080072f0   0x080072f0   0x0000007a   Code   RO         1018    .text.HAL_Init      stm32h7xx_hal.o
    0x0800736a   0x0800736a   0x00000006   PAD
    0x08007370   0x08007370   0x00000086   Code   RO         1020    .text.HAL_InitTick  stm32h7xx_hal.o
    0x080073f6   0x080073f6   0x00000002   PAD
    0x080073f8   0x080073f8   0x00000024   Code   RO          162    .text.HAL_MspInit   stm32h7xx_hal_msp.o
    0x0800741c   0x0800741c   0x00000004   PAD
    0x08007420   0x08007420   0x00000014   Code   RO          953    .text.HAL_NVIC_EnableIRQ  stm32h7xx_hal_cortex.o
    0x08007434   0x08007434   0x00000004   PAD
    0x08007438   0x08007438   0x0000002e   Code   RO          945    .text.HAL_NVIC_SetPriority  stm32h7xx_hal_cortex.o
    0x08007466   0x08007466   0x00000002   PAD
    0x08007468   0x08007468   0x00000010   Code   RO          941    .text.HAL_NVIC_SetPriorityGrouping  stm32h7xx_hal_cortex.o
    0x08007478   0x08007478   0x000000a2   Code   RO          858    .text.HAL_PWREx_ConfigSupply  stm32h7xx_hal_pwr_ex.o
    0x0800751a   0x0800751a   0x00000006   PAD
    0x08007520   0x08007520   0x00000026   Code   RO          499    .text.HAL_RCCEx_GetD3PCLK1Freq  stm32h7xx_hal_rcc_ex.o
    0x08007546   0x08007546   0x00000002   PAD
    0x08007548   0x08007548   0x000002ac   Code   RO          493    .text.HAL_RCCEx_GetPLL1ClockFreq  stm32h7xx_hal_rcc_ex.o
    0x080077f4   0x080077f4   0x00000004   PAD
    0x080077f8   0x080077f8   0x000002ac   Code   RO          495    .text.HAL_RCCEx_GetPLL2ClockFreq  stm32h7xx_hal_rcc_ex.o
    0x08007aa4   0x08007aa4   0x00000004   PAD
    0x08007aa8   0x08007aa8   0x000002ac   Code   RO          497    .text.HAL_RCCEx_GetPLL3ClockFreq  stm32h7xx_hal_rcc_ex.o
    0x08007d54   0x08007d54   0x00000004   PAD
    0x08007d58   0x08007d58   0x00000ad2   Code   RO          491    .text.HAL_RCCEx_GetPeriphCLKFreq  stm32h7xx_hal_rcc_ex.o
    0x0800882a   0x0800882a   0x00000006   PAD
    0x08008830   0x08008830   0x00000fec   Code   RO          483    .text.HAL_RCCEx_PeriphCLKConfig  stm32h7xx_hal_rcc_ex.o
    0x0800981c   0x0800981c   0x00000004   PAD
    0x08009820   0x08009820   0x00000498   Code   RO          452    .text.HAL_RCC_ClockConfig  stm32h7xx_hal_rcc.o
    0x08009cb8   0x08009cb8   0x00000056   Code   RO          462    .text.HAL_RCC_GetHCLKFreq  stm32h7xx_hal_rcc.o
    0x08009d0e   0x08009d0e   0x00000002   PAD
    0x08009d10   0x08009d10   0x00000026   Code   RO          464    .text.HAL_RCC_GetPCLK1Freq  stm32h7xx_hal_rcc.o
    0x08009d36   0x08009d36   0x00000002   PAD
    0x08009d38   0x08009d38   0x00000026   Code   RO          466    .text.HAL_RCC_GetPCLK2Freq  stm32h7xx_hal_rcc.o
    0x08009d5e   0x08009d5e   0x00000002   PAD
    0x08009d60   0x08009d60   0x00000310   Code   RO          454    .text.HAL_RCC_GetSysClockFreq  stm32h7xx_hal_rcc.o
    0x0800a070   0x0800a070   0x00000a20   Code   RO          450    .text.HAL_RCC_OscConfig  stm32h7xx_hal_rcc.o
    0x0800aa90   0x0800aa90   0x00000010   Code   RO          965    .text.HAL_SYSTICK_Config  stm32h7xx_hal_cortex.o
    0x0800aaa0   0x0800aaa0   0x00000008   Code   RO         1897    .text.HAL_TIMEx_Break2Callback  stm32h7xx_hal_tim_ex.o
    0x0800aaa8   0x0800aaa8   0x00000008   Code   RO         1895    .text.HAL_TIMEx_BreakCallback  stm32h7xx_hal_tim_ex.o
    0x0800aab0   0x0800aab0   0x00000008   Code   RO         1891    .text.HAL_TIMEx_CommutCallback  stm32h7xx_hal_tim_ex.o
    0x0800aab8   0x0800aab8   0x0000017c   Code   RO         1875    .text.HAL_TIMEx_MasterConfigSynchronization  stm32h7xx_hal_tim_ex.o
    0x0800ac34   0x0800ac34   0x00000004   PAD
    0x0800ac38   0x0800ac38   0x000000a8   Code   RO         1558    .text.HAL_TIM_Base_Init  stm32h7xx_hal_tim.o
    0x0800ace0   0x0800ace0   0x00000094   Code   RO           94    .text.HAL_TIM_Base_MspInit  tim.o
    0x0800ad74   0x0800ad74   0x00000004   PAD
    0x0800ad78   0x0800ad78   0x00000128   Code   RO         1572    .text.HAL_TIM_Base_Start_IT  stm32h7xx_hal_tim.o
    0x0800aea0   0x0800aea0   0x00000008   Code   RO         1694    .text.HAL_TIM_IC_CaptureCallback  stm32h7xx_hal_tim.o
    0x0800aea8   0x0800aea8   0x00000250   Code   RO         1692    .text.HAL_TIM_IRQHandler  stm32h7xx_hal_tim.o
    0x0800b0f8   0x0800b0f8   0x00000068   Code   RO           92    .text.HAL_TIM_MspPostInit  tim.o
    0x0800b160   0x0800b160   0x00000008   Code   RO         1696    .text.HAL_TIM_OC_DelayElapsedCallback  stm32h7xx_hal_tim.o
    0x0800b168   0x0800b168   0x000001b0   Code   RO         1728    .text.HAL_TIM_PWM_ConfigChannel  stm32h7xx_hal_tim.o
    0x0800b318   0x0800b318   0x000000a8   Code   RO         1612    .text.HAL_TIM_PWM_Init  stm32h7xx_hal_tim.o
    0x0800b3c0   0x0800b3c0   0x0000003a   Code   RO           96    .text.HAL_TIM_PWM_MspInit  tim.o
    0x0800b3fa   0x0800b3fa   0x00000006   PAD
    0x0800b400   0x0800b400   0x00000008   Code   RO         1698    .text.HAL_TIM_PWM_PulseFinishedCallback  stm32h7xx_hal_tim.o
    0x0800b408   0x0800b408   0x000002a2   Code   RO         1620    .text.HAL_TIM_PWM_Start  stm32h7xx_hal_tim.o
    0x0800b6aa   0x0800b6aa   0x00000006   PAD
    0x0800b6b0   0x0800b6b0   0x00000036   Code   RO         2159    .text.HAL_TIM_PeriodElapsedCallback  interrupt.o
    0x0800b6e6   0x0800b6e6   0x00000002   PAD
    0x0800b6e8   0x0800b6e8   0x00000008   Code   RO         1702    .text.HAL_TIM_TriggerCallback  stm32h7xx_hal_tim.o
    0x0800b6f0   0x0800b6f0   0x0000007c   Code   RO         2080    .text.HAL_UARTEx_DisableFifoMode  stm32h7xx_hal_uart_ex.o
    0x0800b76c   0x0800b76c   0x00000004   PAD
    0x0800b770   0x0800b770   0x0000000c   Code   RO         2004    .text.HAL_UARTEx_RxEventCallback  stm32h7xx_hal_uart.o
    0x0800b77c   0x0800b77c   0x00000004   PAD
    0x0800b780   0x0800b780   0x00000008   Code   RO         2062    .text.HAL_UARTEx_RxFifoFullCallback  stm32h7xx_hal_uart_ex.o
    0x0800b788   0x0800b788   0x0000008c   Code   RO         2084    .text.HAL_UARTEx_SetRxFifoThreshold  stm32h7xx_hal_uart_ex.o
    0x0800b814   0x0800b814   0x00000004   PAD
    0x0800b818   0x0800b818   0x0000008c   Code   RO         2082    .text.HAL_UARTEx_SetTxFifoThreshold  stm32h7xx_hal_uart_ex.o
    0x0800b8a4   0x0800b8a4   0x00000004   PAD
    0x0800b8a8   0x0800b8a8   0x00000008   Code   RO         2064    .text.HAL_UARTEx_TxFifoEmptyCallback  stm32h7xx_hal_uart_ex.o
    0x0800b8b0   0x0800b8b0   0x00000008   Code   RO         2060    .text.HAL_UARTEx_WakeupCallback  stm32h7xx_hal_uart_ex.o
    0x0800b8b8   0x0800b8b8   0x00000120   Code   RO         1966    .text.HAL_UART_DMAStop  stm32h7xx_hal_uart.o
    0x0800b9d8   0x0800b9d8   0x00000008   Code   RO         2002    .text.HAL_UART_ErrorCallback  stm32h7xx_hal_uart.o
    0x0800b9e0   0x0800b9e0   0x000006c8   Code   RO         1998    .text.HAL_UART_IRQHandler  stm32h7xx_hal_uart.o
    0x0800c0a8   0x0800c0a8   0x000000aa   Code   RO         1910    .text.HAL_UART_Init  stm32h7xx_hal_uart.o
    0x0800c152   0x0800c152   0x00000006   PAD
    0x0800c158   0x0800c158   0x00000114   Code   RO          114    .text.HAL_UART_MspInit  usart.o
    0x0800c26c   0x0800c26c   0x00000004   PAD
    0x0800c270   0x0800c270   0x000000a0   Code   RO         1958    .text.HAL_UART_Receive_DMA  stm32h7xx_hal_uart.o
    0x0800c310   0x0800c310   0x00000008   Code   RO         2012    .text.HAL_UART_RxCpltCallback  stm32h7xx_hal_uart.o
    0x0800c318   0x0800c318   0x00000008   Code   RO         2014    .text.HAL_UART_RxHalfCpltCallback  stm32h7xx_hal_uart.o
    0x0800c320   0x0800c320   0x00000138   Code   RO         1930    .text.HAL_UART_Transmit  stm32h7xx_hal_uart.o
    0x0800c458   0x0800c458   0x00000008   Code   RO         2008    .text.HAL_UART_TxCpltCallback  stm32h7xx_hal_uart.o
    0x0800c460   0x0800c460   0x00000004   Code   RO          129    .text.HardFault_Handler  stm32h7xx_it.o
    0x0800c464   0x0800c464   0x00000004   PAD
    0x0800c468   0x0800c468   0x00000008   Code   RO         2211    .text.Hight_Task    task_management.o
    0x0800c470   0x0800c470   0x000000a8   Code   RO         2140    .text.InfiniteYaw   hwt101.o
    0x0800c518   0x0800c518   0x0000001c   Code   RO          314    .text.LL_ADC_Disable  stm32h7xx_hal_adc.o
    0x0800c534   0x0800c534   0x00000004   PAD
    0x0800c538   0x0800c538   0x00000018   Code   RO          176    .text.LL_ADC_DisableDeepPowerDown  stm32h7xx_hal_adc.o
    0x0800c550   0x0800c550   0x0000001c   Code   RO          312    .text.LL_ADC_Enable  stm32h7xx_hal_adc.o
    0x0800c56c   0x0800c56c   0x00000004   PAD
    0x0800c570   0x0800c570   0x00000012   Code   RO          232    .text.LL_ADC_EnableDMAReq  stm32h7xx_hal_adc.o
    0x0800c582   0x0800c582   0x00000006   PAD
    0x0800c588   0x0800c588   0x0000001e   Code   RO          180    .text.LL_ADC_EnableInternalRegulator  stm32h7xx_hal_adc.o
    0x0800c5a6   0x0800c5a6   0x00000002   PAD
    0x0800c5a8   0x0800c5a8   0x00000010   Code   RO          274    .text.LL_ADC_GetCommonPathInternalCh  stm32h7xx_hal_adc.o
    0x0800c5b8   0x0800c5b8   0x00000010   Code   RO          202    .text.LL_ADC_GetMultimode  stm32h7xx_hal_adc.o
    0x0800c5c8   0x0800c5c8   0x0000001e   Code   RO          268    .text.LL_ADC_GetOffsetChannel  stm32h7xx_hal_adc.o
    0x0800c5e6   0x0800c5e6   0x00000002   PAD
    0x0800c5e8   0x0800c5e8   0x00000010   Code   RO          188    .text.LL_ADC_INJ_IsConversionOngoing  stm32h7xx_hal_adc.o
    0x0800c5f8   0x0800c5f8   0x0000000e   Code   RO          327    .text.LL_ADC_IsCalibrationOnGoing  stm32h7xx_hal_adc_ex.o
    0x0800c606   0x0800c606   0x00000002   PAD
    0x0800c608   0x0800c608   0x00000010   Code   RO          174    .text.LL_ADC_IsDeepPowerDownEnabled  stm32h7xx_hal_adc.o
    0x0800c618   0x0800c618   0x00000010   Code   RO          306    .text.LL_ADC_IsDisableOngoing  stm32h7xx_hal_adc.o
    0x0800c628   0x0800c628   0x00000010   Code   RO          184    .text.LL_ADC_IsEnabled  stm32h7xx_hal_adc.o
    0x0800c638   0x0800c638   0x00000010   Code   RO          335    .text.LL_ADC_IsEnabled  stm32h7xx_hal_adc_ex.o
    0x0800c648   0x0800c648   0x00000010   Code   RO          178    .text.LL_ADC_IsInternalRegulatorEnabled  stm32h7xx_hal_adc.o
    0x0800c658   0x0800c658   0x00000010   Code   RO          182    .text.LL_ADC_REG_IsConversionOngoing  stm32h7xx_hal_adc.o
    0x0800c668   0x0800c668   0x00000010   Code   RO          337    .text.LL_ADC_REG_IsConversionOngoing  stm32h7xx_hal_adc_ex.o
    0x0800c678   0x0800c678   0x00000016   Code   RO          214    .text.LL_ADC_REG_IsTriggerSourceSWStart  stm32h7xx_hal_adc.o
    0x0800c68e   0x0800c68e   0x00000002   PAD
    0x0800c690   0x0800c690   0x0000002c   Code   RO          230    .text.LL_ADC_REG_SetDMATransferMode  stm32h7xx_hal_adc.o
    0x0800c6bc   0x0800c6bc   0x00000004   PAD
    0x0800c6c0   0x0800c6c0   0x0000001a   Code   RO          234    .text.LL_ADC_REG_SetDataTransferMode  stm32h7xx_hal_adc.o
    0x0800c6da   0x0800c6da   0x00000006   PAD
    0x0800c6e0   0x0800c6e0   0x0000003a   Code   RO          254    .text.LL_ADC_REG_SetSequencerRanks  stm32h7xx_hal_adc.o
    0x0800c71a   0x0800c71a   0x00000006   PAD
    0x0800c720   0x0800c720   0x0000001c   Code   RO          206    .text.LL_ADC_REG_StartConversion  stm32h7xx_hal_adc.o
    0x0800c73c   0x0800c73c   0x00000004   PAD
    0x0800c740   0x0800c740   0x00000036   Code   RO          256    .text.LL_ADC_SetChannelSamplingTime  stm32h7xx_hal_adc.o
    0x0800c776   0x0800c776   0x00000002   PAD
    0x0800c778   0x0800c778   0x00000070   Code   RO          272    .text.LL_ADC_SetChannelSingleDiff  stm32h7xx_hal_adc.o
    0x0800c7e8   0x0800c7e8   0x0000001a   Code   RO          186    .text.LL_ADC_SetCommonClock  stm32h7xx_hal_adc.o
    0x0800c802   0x0800c802   0x00000006   PAD
    0x0800c808   0x0800c808   0x0000001a   Code   RO          276    .text.LL_ADC_SetCommonPathInternalCh  stm32h7xx_hal_adc.o
    0x0800c822   0x0800c822   0x00000006   PAD
    0x0800c828   0x0800c828   0x00000024   Code   RO          266    .text.LL_ADC_SetDataRightShift  stm32h7xx_hal_adc.o
    0x0800c84c   0x0800c84c   0x00000004   PAD
    0x0800c850   0x0800c850   0x0000005c   Code   RO          258    .text.LL_ADC_SetOffset  stm32h7xx_hal_adc.o
    0x0800c8ac   0x0800c8ac   0x00000004   PAD
    0x0800c8b0   0x0800c8b0   0x0000003a   Code   RO          262    .text.LL_ADC_SetOffsetSaturation  stm32h7xx_hal_adc.o
    0x0800c8ea   0x0800c8ea   0x00000006   PAD
    0x0800c8f0   0x0800c8f0   0x0000003a   Code   RO          260    .text.LL_ADC_SetOffsetSign  stm32h7xx_hal_adc.o
    0x0800c92a   0x0800c92a   0x00000006   PAD
    0x0800c930   0x0800c930   0x0000003c   Code   RO          264    .text.LL_ADC_SetOffsetSignedSaturation  stm32h7xx_hal_adc.o
    0x0800c96c   0x0800c96c   0x00000004   PAD
    0x0800c970   0x0800c970   0x0000004c   Code   RO          270    .text.LL_ADC_SetOffsetState  stm32h7xx_hal_adc.o
    0x0800c9bc   0x0800c9bc   0x00000004   PAD
    0x0800c9c0   0x0800c9c0   0x00000032   Code   RO          325    .text.LL_ADC_StartCalibration  stm32h7xx_hal_adc_ex.o
    0x0800c9f2   0x0800c9f2   0x00000006   PAD
    0x0800c9f8   0x0800c9f8   0x00000008   Code   RO         2207    .text.Low_Task      task_management.o
    0x0800ca00   0x0800ca00   0x000000e2   Code   RO           42    .text.MX_ADC1_Init  adc.o
    0x0800cae2   0x0800cae2   0x00000006   PAD
    0x0800cae8   0x0800cae8   0x0000004c   Code   RO           57    .text.MX_DMA_Init   dma.o
    0x0800cb34   0x0800cb34   0x00000004   PAD
    0x0800cb38   0x0800cb38   0x0000007c   Code   RO           65    .text.MX_FDCAN1_Init  fdcan.o
    0x0800cbb4   0x0800cbb4   0x00000004   PAD
    0x0800cbb8   0x0800cbb8   0x0000007e   Code   RO           67    .text.MX_FDCAN2_Init  fdcan.o
    0x0800cc36   0x0800cc36   0x00000002   PAD
    0x0800cc38   0x0800cc38   0x00000080   Code   RO           69    .text.MX_FDCAN3_Init  fdcan.o
    0x0800ccb8   0x0800ccb8   0x0000013e   Code   RO           34    .text.MX_GPIO_Init  gpio.o
    0x0800cdf6   0x0800cdf6   0x00000002   PAD
    0x0800cdf8   0x0800cdf8   0x000000a0   Code   RO           90    .text.MX_TIM12_Init  tim.o
    0x0800ce98   0x0800ce98   0x0000005c   Code   RO           86    .text.MX_TIM6_Init  tim.o
    0x0800cef4   0x0800cef4   0x00000004   PAD
    0x0800cef8   0x0800cef8   0x0000005c   Code   RO           88    .text.MX_TIM7_Init  tim.o
    0x0800cf54   0x0800cf54   0x00000004   PAD
    0x0800cf58   0x0800cf58   0x0000008e   Code   RO          112    .text.MX_USART1_UART_Init  usart.o
    0x0800cfe6   0x0800cfe6   0x00000002   PAD
    0x0800cfe8   0x0800cfe8   0x00000002   Code   RO         2209    .text.Medium_Task   task_management.o
    0x0800cfea   0x0800cfea   0x00000006   PAD
    0x0800cff0   0x0800cff0   0x00000004   Code   RO          131    .text.MemManage_Handler  stm32h7xx_it.o
    0x0800cff4   0x0800cff4   0x00000004   PAD
    0x0800cff8   0x0800cff8   0x00000004   Code   RO          127    .text.NMI_Handler   stm32h7xx_it.o
    0x0800cffc   0x0800cffc   0x00000004   PAD
    0x0800d000   0x0800d000   0x0000006c   Code   RO          951    .text.NVIC_EncodePriority  stm32h7xx_hal_cortex.o
    0x0800d06c   0x0800d06c   0x00000004   PAD
    0x0800d070   0x0800d070   0x00000208   Code   RO         2136    .text.ParseAndPrintData  hwt101.o
    0x0800d278   0x0800d278   0x00000002   Code   RO          141    .text.PendSV_Handler  stm32h7xx_it.o
    0x0800d27a   0x0800d27a   0x00000006   PAD
    0x0800d280   0x0800d280   0x00000010   Code   RO         2196    .text.PowerWarnig_Task  hardware_task.o
    0x0800d290   0x0800d290   0x0000009c   Code   RO         2128    .text.PowerWarning  powerwarning.o
    0x0800d32c   0x0800d32c   0x00000004   PAD
    0x0800d330   0x0800d330   0x000001ca   Code   RO          485    .text.RCCEx_PLL2_Config  stm32h7xx_hal_rcc_ex.o
    0x0800d4fa   0x0800d4fa   0x00000006   PAD
    0x0800d500   0x0800d500   0x000001ca   Code   RO          487    .text.RCCEx_PLL3_Config  stm32h7xx_hal_rcc_ex.o
    0x0800d6ca   0x0800d6ca   0x00000006   PAD
    0x0800d6d0   0x0800d6d0   0x00000044   Code   RO         2142    .text.ResetHWT101   hwt101.o
    0x0800d714   0x0800d714   0x00000004   PAD
    0x0800d718   0x0800d718   0x00000002   Code   RO          137    .text.SVC_Handler   stm32h7xx_it.o
    0x0800d71a   0x0800d71a   0x00000006   PAD
    0x0800d720   0x0800d720   0x00000052   Code   RO          967    .text.SysTick_Config  stm32h7xx_hal_cortex.o
    0x0800d772   0x0800d772   0x00000006   PAD
    0x0800d778   0x0800d778   0x00000008   Code   RO          143    .text.SysTick_Handler  stm32h7xx_it.o
    0x0800d780   0x0800d780   0x000000cc   Code   RO           13    .text.SystemClock_Config  main.o
    0x0800d84c   0x0800d84c   0x00000004   PAD
    0x0800d850   0x0800d850   0x0000013a   Code   RO         2103    .text.SystemInit    system_stm32h7xx.o
    0x0800d98a   0x0800d98a   0x00000006   PAD
    0x0800d990   0x0800d990   0x00000010   Code   RO          151    .text.TIM6_DAC_IRQHandler  stm32h7xx_it.o
    0x0800d9a0   0x0800d9a0   0x00000010   Code   RO          153    .text.TIM7_IRQHandler  stm32h7xx_it.o
    0x0800d9b0   0x0800d9b0   0x000001d0   Code   RO         1562    .text.TIM_Base_SetConfig  stm32h7xx_hal_tim.o
    0x0800db80   0x0800db80   0x00000036   Code   RO         1596    .text.TIM_CCxChannelCmd  stm32h7xx_hal_tim.o
    0x0800dbb6   0x0800dbb6   0x00000002   PAD
    0x0800dbb8   0x0800dbb8   0x00000150   Code   RO         1706    .text.TIM_OC1_SetConfig  stm32h7xx_hal_tim.o
    0x0800dd08   0x0800dd08   0x0000016c   Code   RO         1708    .text.TIM_OC2_SetConfig  stm32h7xx_hal_tim.o
    0x0800de74   0x0800de74   0x00000004   PAD
    0x0800de78   0x0800de78   0x0000016a   Code   RO         1710    .text.TIM_OC3_SetConfig  stm32h7xx_hal_tim.o
    0x0800dfe2   0x0800dfe2   0x00000006   PAD
    0x0800dfe8   0x0800dfe8   0x000000da   Code   RO         1712    .text.TIM_OC4_SetConfig  stm32h7xx_hal_tim.o
    0x0800e0c2   0x0800e0c2   0x00000006   PAD
    0x0800e0c8   0x0800e0c8   0x000000d0   Code   RO         1714    .text.TIM_OC5_SetConfig  stm32h7xx_hal_tim.o
    0x0800e198   0x0800e198   0x000000d2   Code   RO         1716    .text.TIM_OC6_SetConfig  stm32h7xx_hal_tim.o
    0x0800e26a   0x0800e26a   0x00000006   PAD
    0x0800e270   0x0800e270   0x00000086   Code   RO         2078    .text.UARTEx_SetNbDataToProcess  stm32h7xx_hal_uart_ex.o
    0x0800e2f6   0x0800e2f6   0x00000002   PAD
    0x0800e2f8   0x0800e2f8   0x00000148   Code   RO         1914    .text.UART_AdvFeatureConfig  stm32h7xx_hal_uart.o
    0x0800e440   0x0800e440   0x00000146   Code   RO         1918    .text.UART_CheckIdleState  stm32h7xx_hal_uart.o
    0x0800e586   0x0800e586   0x00000002   PAD
    0x0800e588   0x0800e588   0x00000024   Code   RO         2000    .text.UART_DMAAbortOnError  stm32h7xx_hal_uart.o
    0x0800e5ac   0x0800e5ac   0x00000004   PAD
    0x0800e5b0   0x0800e5b0   0x00000080   Code   RO         1956    .text.UART_DMAError  stm32h7xx_hal_uart.o
    0x0800e630   0x0800e630   0x000000f6   Code   RO         2046    .text.UART_DMAReceiveCplt  stm32h7xx_hal_uart.o
    0x0800e726   0x0800e726   0x00000002   PAD
    0x0800e728   0x0800e728   0x00000036   Code   RO         2048    .text.UART_DMARxHalfCplt  stm32h7xx_hal_uart.o
    0x0800e75e   0x0800e75e   0x00000002   PAD
    0x0800e760   0x0800e760   0x0000009e   Code   RO         1970    .text.UART_EndRxTransfer  stm32h7xx_hal_uart.o
    0x0800e7fe   0x0800e7fe   0x00000002   PAD
    0x0800e800   0x0800e800   0x00000044   Code   RO         2006    .text.UART_EndTransmit_IT  stm32h7xx_hal_uart.o
    0x0800e844   0x0800e844   0x00000004   PAD
    0x0800e848   0x0800e848   0x0000005c   Code   RO         1968    .text.UART_EndTxTransfer  stm32h7xx_hal_uart.o
    0x0800e8a4   0x0800e8a4   0x00000004   PAD
    0x0800e8a8   0x0800e8a8   0x00000a4e   Code   RO         1916    .text.UART_SetConfig  stm32h7xx_hal_uart.o
    0x0800f2f6   0x0800f2f6   0x00000002   PAD
    0x0800f2f8   0x0800f2f8   0x0000012e   Code   RO         1960    .text.UART_Start_Receive_DMA  stm32h7xx_hal_uart.o
    0x0800f426   0x0800f426   0x00000002   PAD
    0x0800f428   0x0800f428   0x0000010c   Code   RO         1932    .text.UART_WaitOnFlagUntilTimeout  stm32h7xx_hal_uart.o
    0x0800f534   0x0800f534   0x00000004   PAD
    0x0800f538   0x0800f538   0x00000284   Code   RO          149    .text.USART1_IRQHandler  stm32h7xx_it.o
    0x0800f7bc   0x0800f7bc   0x00000004   PAD
    0x0800f7c0   0x0800f7c0   0x00000004   Code   RO          135    .text.UsageFault_Handler  stm32h7xx_it.o
    0x0800f7c4   0x0800f7c4   0x00000004   PAD
    0x0800f7c8   0x0800f7c8   0x00000030   Code   RO          955    .text.__NVIC_EnableIRQ  stm32h7xx_hal_cortex.o
    0x0800f7f8   0x0800f7f8   0x00000010   Code   RO          947    .text.__NVIC_GetPriorityGrouping  stm32h7xx_hal_cortex.o
    0x0800f808   0x0800f808   0x00000042   Code   RO          949    .text.__NVIC_SetPriority  stm32h7xx_hal_cortex.o
    0x0800f84a   0x0800f84a   0x00000006   PAD
    0x0800f850   0x0800f850   0x0000003c   Code   RO          943    .text.__NVIC_SetPriorityGrouping  stm32h7xx_hal_cortex.o
    0x0800f88c   0x0800f88c   0x00000004   PAD
    0x0800f890   0x0800f890   0x00000058   Code   RO         2167    .text.bsp_can_init  bsp_fdcan.o
    0x0800f8e8   0x0800f8e8   0x00000048   Code   RO         2169    .text.can_filter_init  bsp_fdcan.o
    0x0800f930   0x0800f930   0x000000c4   Code   RO         2171    .text.fdcanx_send_data  bsp_fdcan.o
    0x0800f9f4   0x0800f9f4   0x00000004   PAD
    0x0800f9f8   0x0800f9f8   0x00000124   Code   RO           11    .text.main          main.o
    0x0800fb1c   0x0800fb1c   0x0000001a   Code   RO         2344    x$fpl$fpinit        fz_wv.l(fpinit.o)
    0x0800fb36   0x0800fb36   0x00000002   PAD
    0x0800fb38   0x0800fb38   0x0000004c   Data   RO         1549    .rodata..L__const.HAL_FDCAN_Init.CvtEltSize  stm32h7xx_hal_fdcan.o
    0x0800fb84   0x0800fb84   0x00000010   Data   RO         2109    .rodata.D1CorePrescTable  system_stm32h7xx.o
    0x0800fb94   0x0800fb94   0x00000010   Data   RO         1550    .rodata.DLCtoBytes  stm32h7xx_hal_fdcan.o
    0x0800fba4   0x0800fba4   0x00000008   Data   RO          735    .rodata.DMA_CalcBaseAndBitshift.flagBitshiftOffset  stm32h7xx_hal_dma.o
    0x0800fbac   0x0800fbac   0x00000008   Data   RO         2095    .rodata.UARTEx_SetNbDataToProcess.denominator  stm32h7xx_hal_uart_ex.o
    0x0800fbb4   0x0800fbb4   0x00000008   Data   RO         2094    .rodata.UARTEx_SetNbDataToProcess.numerator  stm32h7xx_hal_uart_ex.o
    0x0800fbbc   0x0800fbbc   0x00000018   Data   RO         2050    .rodata.UARTPrescTable  stm32h7xx_hal_uart.o
    0x0800fbd4   0x0800fbd4   0x00000020   Data   RO         2405    Region$$Table       anon$$obj.o


    Execution Region RW_IRAM1 (Exec base: 0x20000000, Load base: 0x0800fbf4, Size: 0x00000000, Max: 0x00020000, ABSOLUTE)

    **** No section assigned to this execution region ****


    Execution Region RW_IRAM2 (Exec base: 0x24000000, Load base: 0x0800fbf8, Size: 0x00000ba0, Max: 0x00050000, ABSOLUTE)

    Exec Addr    Load Addr    Size         Type   Attr      Idx    E Section Name        Object

    0x24000000   0x0800fbf8   0x00000004   Data   RW         2107    .data.SystemCoreClock  system_stm32h7xx.o
    0x24000004   0x0800fbfc   0x00000004   Data   RW         2108    .data.SystemD2Clock  system_stm32h7xx.o
    0x24000008   0x0800fc00   0x00000001   Data   RW         1127    .data.uwTickFreq    stm32h7xx_hal.o
    0x24000009   0x0800fc01   0x00000003   PAD
    0x2400000c   0x0800fc04   0x00000004   Data   RW         1126    .data.uwTickPrio    stm32h7xx_hal.o
    0x24000010        -       0x00000060   Zero   RW         2270    .bss                c_w.l(libspace.o)
    0x24000070        -       0x00000004   Zero   RW           78    .bss.HAL_RCC_FDCAN_CLK_ENABLED  fdcan.o
    0x24000074        -       0x00000010   Zero   RW         2148    .bss.IMU            hwt101.o
    0x24000084        -       0x00000004   Zero   RW         2150    .bss.Last_Yaw       hwt101.o
    0x24000088        -       0x00000020   Zero   RW           18    .bss.UART1_RX_BUF   main.o
    0x240000a8        -       0x00000002   Zero   RW           17    .bss.UART1_RX_STA   main.o
    0x240000aa        -       0x00000020   Zero   RW           22    .bss.UART1_RX_Second_BUF  main.o
    0x240000ca        -       0x00000004   Zero   RW           19    .bss.adc_val        main.o
    0x240000ce   0x0800fc08   0x00000002   PAD
    0x240000d0        -       0x00000004   Zero   RW         2146    .bss.angular_velocity_y  hwt101.o
    0x240000d4        -       0x00000004   Zero   RW         2147    .bss.angular_velocity_z  hwt101.o
    0x240000d8        -       0x00000004   Zero   RW         2144    .bss.flag           hwt101.o
    0x240000dc        -       0x00000004   Zero   RW         2145    .bss.global_angle   hwt101.o
    0x240000e0        -       0x00000070   Zero   RW           48    .bss.hadc1          adc.o
    0x24000150        -       0x00000078   Zero   RW           49    .bss.hdma_adc1      adc.o
    0x240001c8        -       0x00000078   Zero   RW          119    .bss.hdma_usart1_rx  usart.o
    0x24000240        -       0x000000a0   Zero   RW           75    .bss.hfdcan1        fdcan.o
    0x240002e0        -       0x000000a0   Zero   RW           76    .bss.hfdcan2        fdcan.o
    0x24000380        -       0x000000a0   Zero   RW           77    .bss.hfdcan3        fdcan.o
    0x24000420        -       0x0000004c   Zero   RW          104    .bss.htim12         tim.o
    0x2400046c        -       0x0000004c   Zero   RW          102    .bss.htim6          tim.o
    0x240004b8        -       0x0000004c   Zero   RW          103    .bss.htim7          tim.o
    0x24000504        -       0x00000094   Zero   RW          118    .bss.huart1         usart.o
    0x24000598        -       0x00000004   Zero   RW         1128    .bss.uwTick         stm32h7xx_hal.o
    0x2400059c        -       0x00000004   Zero   RW           21    .bss.vbus           main.o
    0x240005a0        -       0x00000200   Zero   RW            2    HEAP                startup_stm32h723xx.o
    0x240007a0        -       0x00000400   Zero   RW            1    STACK               startup_stm32h723xx.o


==============================================================================

Image component sizes


      Code (inc. data)   RO Data    RW Data    ZI Data      Debug   Object Name

       564          0          0          0        232       9136   adc.o
       356          0          0          0          0       6554   bsp_fdcan.o
        30          0          0          0          0       1246   buzzer.o
        76          0          0          0          0       5248   dma.o
       918          0          0          0        484       8918   fdcan.o
       318          0          0          0          0       3069   gpio.o
        34          0          0          0          0        574   hardware_task.o
       830         32          0          0         36       2411   hwt101.o
        54          0          0          0          0       4202   interrupt.o
       510          0          0          0         74       2837   main.o
       156          8          0          0          0        486   powerwarning.o
        64         26        716          0       1536        844   startup_stm32h723xx.o
       360          0          0          5          4      14641   stm32h7xx_hal.o
      7138          0          0          0          0      25083   stm32h7xx_hal_adc.o
       982          0          0          0          0      23658   stm32h7xx_hal_adc_ex.o
       478          0          0          0          0      11516   stm32h7xx_hal_cortex.o
     15552          8          8          0          0      12490   stm32h7xx_hal_dma.o
      2956          0         92          0          0      33592   stm32h7xx_hal_fdcan.o
       982          0          0          0          0       7006   stm32h7xx_hal_gpio.o
        36          0          0          0          0       2253   stm32h7xx_hal_msp.o
       162          0          0          0          0       9336   stm32h7xx_hal_pwr_ex.o
      4714         66          0          0          0      11470   stm32h7xx_hal_rcc.o
      9852        118          0          0          0      18742   stm32h7xx_hal_rcc_ex.o
      4578         22          0          0          0      37592   stm32h7xx_hal_tim.o
       404          0          0          0          0      18158   stm32h7xx_hal_tim_ex.o
      7354        342         24          0          0      29402   stm32h7xx_hal_uart.o
       562          0         16          0          0       8916   stm32h7xx_hal_uart_ex.o
       742          0          0          0          0       2216   stm32h7xx_it.o
       314          0         16          8          0       5271   system_stm32h7xx.o
        18          0          0          0          0        547   task_management.o
       654          0          0          0        228      10968   tim.o
       418          0          0          0        268      11237   usart.o

    ----------------------------------------------------------------------
     62684        638        904         16       2864     339619   Object Totals
         0          0         32          0          0          0   (incl. Generated)
       518         16          0          3          2          0   (incl. Padding)

    ----------------------------------------------------------------------

      Code (inc. data)   RO Data    RW Data    ZI Data      Debug   Library Member Name

         8          0          0          0          0         68   __main.o
         0          0          0          0          0          0   __rtentry.o
        12          0          0          0          0          0   __rtentry2.o
         6          0          0          0          0          0   __rtentry4.o
        94          8          0          0          0          0   __scatter.o
        26          0          0          0          0          0   __scatter_copy.o
        28          0          0          0          0          0   __scatter_zi.o
        18          0          0          0          0         80   exit.o
         6          0          0          0          0        152   heapauxi.o
         0          0          0          0          0          0   indicate_semi.o
         2          0          0          0          0          0   libinit.o
         6          0          0          0          0          0   libinit2.o
         2          0          0          0          0          0   libshutdown.o
         2          0          0          0          0          0   libshutdown2.o
         8          4          0          0         96         68   libspace.o
       240          0          0          0          0        100   lludivv7m.o
        78          0          0          0          0         80   rt_memclr_w.o
       138          0          0          0          0         68   rt_memcpy_v6.o
       100          0          0          0          0         80   rt_memcpy_w.o
         2          0          0          0          0          0   rtexit.o
        10          0          0          0          0          0   rtexit2.o
        12          4          0          0          0         68   sys_exit.o
        74          0          0          0          0         80   sys_stackheap_outer.o
         2          0          0          0          0         68   use_no_semi.o
        26          0          0          0          0        116   fpinit.o

    ----------------------------------------------------------------------
       912         16          0          0         96       1028   Library Totals
        12          0          0          0          0          0   (incl. Padding)

    ----------------------------------------------------------------------

      Code (inc. data)   RO Data    RW Data    ZI Data      Debug   Library Name

       874         16          0          0         96        912   c_w.l
        26          0          0          0          0        116   fz_wv.l

    ----------------------------------------------------------------------
       912         16          0          0         96       1028   Library Totals

    ----------------------------------------------------------------------

==============================================================================


      Code (inc. data)   RO Data    RW Data    ZI Data      Debug   

     63596        654        904         16       2960     339751   Grand Totals
     63596        654        904         16       2960     339751   ELF Image Totals
     63596        654        904         16          0          0   ROM Totals

==============================================================================

    Total RO  Size (Code + RO Data)                64500 (  62.99kB)
    Total RW  Size (RW Data + ZI Data)              2976 (   2.91kB)
    Total ROM Size (Code + RO Data + RW Data)      64516 (  63.00kB)

==============================================================================

